Archive member included to satisfy reference by file (symbol)

C:/Users/alexi/AppData/Local/stm32cube/bundles/gnu-tools-for-stm32/14.3.1+st.2/bin/../lib/gcc/arm-none-eabi/14.3.1/../../../../arm-none-eabi/lib/thumb/v7e-m+fp/hard\libm.a(libm_a-wf_acos.o)
                              CMakeFiles/TEST_L476RG.dir/Core/Src/main.c.obj (acosf)
C:/Users/alexi/AppData/Local/stm32cube/bundles/gnu-tools-for-stm32/14.3.1+st.2/bin/../lib/gcc/arm-none-eabi/14.3.1/../../../../arm-none-eabi/lib/thumb/v7e-m+fp/hard\libm.a(libm_a-wf_atan2.o)
                              CMakeFiles/TEST_L476RG.dir/Core/Src/main.c.obj (atan2f)
C:/Users/alexi/AppData/Local/stm32cube/bundles/gnu-tools-for-stm32/14.3.1+st.2/bin/../lib/gcc/arm-none-eabi/14.3.1/../../../../arm-none-eabi/lib/thumb/v7e-m+fp/hard\libm.a(libm_a-wf_sqrt.o)
                              CMakeFiles/TEST_L476RG.dir/Core/Src/utils/float3.c.obj (sqrtf)
C:/Users/alexi/AppData/Local/stm32cube/bundles/gnu-tools-for-stm32/14.3.1+st.2/bin/../lib/gcc/arm-none-eabi/14.3.1/../../../../arm-none-eabi/lib/thumb/v7e-m+fp/hard\libm.a(libm_a-sf_cos.o)
                              CMakeFiles/TEST_L476RG.dir/Core/Src/utils/quaternion.c.obj (cosf)
C:/Users/alexi/AppData/Local/stm32cube/bundles/gnu-tools-for-stm32/14.3.1+st.2/bin/../lib/gcc/arm-none-eabi/14.3.1/../../../../arm-none-eabi/lib/thumb/v7e-m+fp/hard\libm.a(libm_a-sf_fabs.o)
                              C:/Users/alexi/AppData/Local/stm32cube/bundles/gnu-tools-for-stm32/14.3.1+st.2/bin/../lib/gcc/arm-none-eabi/14.3.1/../../../../arm-none-eabi/lib/thumb/v7e-m+fp/hard\libm.a(libm_a-wf_acos.o) (fabsf)
C:/Users/alexi/AppData/Local/stm32cube/bundles/gnu-tools-for-stm32/14.3.1+st.2/bin/../lib/gcc/arm-none-eabi/14.3.1/../../../../arm-none-eabi/lib/thumb/v7e-m+fp/hard\libm.a(libm_a-sf_sin.o)
                              CMakeFiles/TEST_L476RG.dir/Core/Src/utils/quaternion.c.obj (sinf)
C:/Users/alexi/AppData/Local/stm32cube/bundles/gnu-tools-for-stm32/14.3.1+st.2/bin/../lib/gcc/arm-none-eabi/14.3.1/../../../../arm-none-eabi/lib/thumb/v7e-m+fp/hard\libm.a(libm_a-sf_nan.o)
                              C:/Users/alexi/AppData/Local/stm32cube/bundles/gnu-tools-for-stm32/14.3.1+st.2/bin/../lib/gcc/arm-none-eabi/14.3.1/../../../../arm-none-eabi/lib/thumb/v7e-m+fp/hard\libm.a(libm_a-wf_acos.o) (nanf)
C:/Users/alexi/AppData/Local/stm32cube/bundles/gnu-tools-for-stm32/14.3.1+st.2/bin/../lib/gcc/arm-none-eabi/14.3.1/../../../../arm-none-eabi/lib/thumb/v7e-m+fp/hard\libm.a(libm_a-ef_sqrt.o)
                              C:/Users/alexi/AppData/Local/stm32cube/bundles/gnu-tools-for-stm32/14.3.1+st.2/bin/../lib/gcc/arm-none-eabi/14.3.1/../../../../arm-none-eabi/lib/thumb/v7e-m+fp/hard\libm.a(libm_a-wf_sqrt.o) (__ieee754_sqrtf)
C:/Users/alexi/AppData/Local/stm32cube/bundles/gnu-tools-for-stm32/14.3.1+st.2/bin/../lib/gcc/arm-none-eabi/14.3.1/../../../../arm-none-eabi/lib/thumb/v7e-m+fp/hard\libm.a(libm_a-kf_cos.o)
                              C:/Users/alexi/AppData/Local/stm32cube/bundles/gnu-tools-for-stm32/14.3.1+st.2/bin/../lib/gcc/arm-none-eabi/14.3.1/../../../../arm-none-eabi/lib/thumb/v7e-m+fp/hard\libm.a(libm_a-sf_cos.o) (__kernel_cosf)
C:/Users/alexi/AppData/Local/stm32cube/bundles/gnu-tools-for-stm32/14.3.1+st.2/bin/../lib/gcc/arm-none-eabi/14.3.1/../../../../arm-none-eabi/lib/thumb/v7e-m+fp/hard\libm.a(libm_a-kf_sin.o)
                              C:/Users/alexi/AppData/Local/stm32cube/bundles/gnu-tools-for-stm32/14.3.1+st.2/bin/../lib/gcc/arm-none-eabi/14.3.1/../../../../arm-none-eabi/lib/thumb/v7e-m+fp/hard\libm.a(libm_a-sf_cos.o) (__kernel_sinf)
C:/Users/alexi/AppData/Local/stm32cube/bundles/gnu-tools-for-stm32/14.3.1+st.2/bin/../lib/gcc/arm-none-eabi/14.3.1/../../../../arm-none-eabi/lib/thumb/v7e-m+fp/hard\libm.a(libm_a-ef_acos.o)
                              C:/Users/alexi/AppData/Local/stm32cube/bundles/gnu-tools-for-stm32/14.3.1+st.2/bin/../lib/gcc/arm-none-eabi/14.3.1/../../../../arm-none-eabi/lib/thumb/v7e-m+fp/hard\libm.a(libm_a-wf_acos.o) (__ieee754_acosf)
C:/Users/alexi/AppData/Local/stm32cube/bundles/gnu-tools-for-stm32/14.3.1+st.2/bin/../lib/gcc/arm-none-eabi/14.3.1/../../../../arm-none-eabi/lib/thumb/v7e-m+fp/hard\libm.a(libm_a-ef_atan2.o)
                              C:/Users/alexi/AppData/Local/stm32cube/bundles/gnu-tools-for-stm32/14.3.1+st.2/bin/../lib/gcc/arm-none-eabi/14.3.1/../../../../arm-none-eabi/lib/thumb/v7e-m+fp/hard\libm.a(libm_a-wf_atan2.o) (__ieee754_atan2f)
C:/Users/alexi/AppData/Local/stm32cube/bundles/gnu-tools-for-stm32/14.3.1+st.2/bin/../lib/gcc/arm-none-eabi/14.3.1/../../../../arm-none-eabi/lib/thumb/v7e-m+fp/hard\libm.a(libm_a-ef_rem_pio2.o)
                              C:/Users/alexi/AppData/Local/stm32cube/bundles/gnu-tools-for-stm32/14.3.1+st.2/bin/../lib/gcc/arm-none-eabi/14.3.1/../../../../arm-none-eabi/lib/thumb/v7e-m+fp/hard\libm.a(libm_a-sf_cos.o) (__ieee754_rem_pio2f)
[...]
Memory Configuration

Name             Origin             Length             Attributes
RAM              0x20000000         0x00018000         xrw
RAM2             0x10000000         0x00008000         xrw
FLASH            0x08000000         0x00100000         xr
*default*        0x00000000         0xffffffff

Linker script and memory map

LOAD C:/Users/alexi/AppData/Local/stm32cube/bundles/gnu-tools-for-stm32/14.3.1+st.2/bin/../lib/gcc/arm-none-eabi/14.3.1/thumb/v7e-m+fp/hard/crti.o
LOAD C:/Users/alexi/AppData/Local/stm32cube/bundles/gnu-tools-for-stm32/14.3.1+st.2/bin/../lib/gcc/arm-none-eabi/14.3.1/thumb/v7e-m+fp/hard/crtbegin.o
LOAD C:/Users/alexi/AppData/Local/stm32cube/bundles/gnu-tools-for-stm32/14.3.1+st.2/bin/../lib/gcc/arm-none-eabi/14.3.1/../../../../arm-none-eabi/lib/thumb/v7e-m+fp/hard/crt0.o
LOAD cmake/stm32cubemx/CMakeFiles/STM32_Drivers.dir/__/__/Core/Src/system_stm32l4xx.c.obj
LOAD cmake/stm32cubemx/CMakeFiles/STM32_Drivers.dir/__/__/Drivers/STM32L4xx_HAL_Driver/Src/stm32l4xx_hal_uart.c.obj
LOAD cmake/stm32cubemx/CMakeFiles/STM32_Drivers.dir/__/__/Drivers/STM32L4xx_HAL_Driver/Src/stm32l4xx_hal_uart_ex.c.obj
LOAD cmake/stm32cubemx/CMakeFiles/STM32_Drivers.dir/__/__/Drivers/STM32L4xx_HAL_Driver/Src/stm32l4xx_hal.c.obj
LOAD cmake/stm32cubemx/CMakeFiles/STM32_Drivers.dir/__/__/Drivers/STM32L4xx_HAL_Driver/Src/stm32l4xx_hal_rcc.c.obj
LOAD cmake/stm32cubemx/CMakeFiles/STM32_Drivers.dir/__/__/Drivers/STM32L4xx_HAL_Driver/Src/stm32l4xx_hal_rcc_ex.c.obj
LOAD cmake/stm32cubemx/CMakeFiles/STM32_Drivers.dir/__/__/Drivers/STM32L4xx_HAL_Driver/Src/stm32l4xx_hal_flash.c.obj
LOAD cmake/stm32cubemx/CMakeFiles/STM32_Drivers.dir/__/__/Drivers/STM32L4xx_HAL_Driver/Src/stm32l4xx_hal_flash_ex.c.obj
LOAD cmake/stm32cubemx/CMakeFiles/STM32_Drivers.dir/__/__/Drivers/STM32L4xx_HAL_Driver/Src/stm32l4xx_hal_flash_ramfunc.c.obj
LOAD cmake/stm32cubemx/CMakeFiles/STM32_Drivers.dir/__/__/Drivers/STM32L4xx_HAL_Driver/Src/stm32l4xx_hal_gpio.c.obj
LOAD cmake/stm32cubemx/CMakeFiles/STM32_Drivers.dir/__/__/Drivers/STM32L4xx_HAL_Driver/Src/stm32l4xx_hal_i2c.c.obj
LOAD cmake/stm32cubemx/CMakeFiles/STM32_Drivers.dir/__/__/Drivers/STM32L4xx_HAL_Driver/Src/stm32l4xx_hal_i2c_ex.c.obj
LOAD cmake/stm32cubemx/CMakeFiles/STM32_Drivers.dir/__/__/Drivers/STM32L4xx_HAL_Driver/Src/stm32l4xx_hal_dma.c.obj
LOAD cmake/stm32cubemx/CMakeFiles/STM32_Drivers.dir/__/__/Drivers/STM32L4xx_HAL_Driver/Src/stm32l4xx_hal_dma_ex.c.obj
LOAD cmake/stm32cubemx/CMakeFiles/STM32_Drivers.dir/__/__/Drivers/STM32L4xx_HAL_Driver/Src/stm32l4xx_hal_pwr.c.obj
LOAD cmake/stm32cubemx/CMakeFiles/STM32_Drivers.dir/__/__/Drivers/STM32L4xx_HAL_Driver/Src/stm32l4xx_hal_pwr_ex.c.obj
LOAD cmake/stm32cubemx/CMakeFiles/STM32_Drivers.dir/__/__/Drivers/STM32L4xx_HAL_Driver/Src/stm32l4xx_hal_cortex.c.obj
LOAD cmake/stm32cubemx/CMakeFiles/STM32_Drivers.dir/__/__/Drivers/STM32L4xx_HAL_Driver/Src/stm32l4xx_hal_exti.c.obj
LOAD CMakeFiles/TEST_L476RG.dir/Core/Src/drivers/STS.c.obj
LOAD CMakeFiles/TEST_L476RG.dir/Core/Src/drivers/WT901B.c.obj
LOAD CMakeFiles/TEST_L476RG.dir/Core/Src/peripherals/gpio.c.obj
LOAD CMakeFiles/TEST_L476RG.dir/Core/Src/peripherals/usart.c.obj
LOAD CMakeFiles/TEST_L476RG.dir/Core/Src/utils/circular_buffer.c.obj
LOAD CMakeFiles/TEST_L476RG.dir/Core/Src/utils/data_topic.c.obj
LOAD CMakeFiles/TEST_L476RG.dir/Core/Src/utils/float3.c.obj
LOAD CMakeFiles/TEST_L476RG.dir/Core/Src/utils/quaternion.c.obj
LOAD CMakeFiles/TEST_L476RG.dir/Core/Src/utils/quaternion_dynamics.c.obj
LOAD CMakeFiles/TEST_L476RG.dir/Core/Src/main.c.obj
LOAD CMakeFiles/TEST_L476RG.dir/Core/Src/stm32l4xx_it.c.obj
LOAD CMakeFiles/TEST_L476RG.dir/Core/Src/stm32l4xx_hal_msp.c.obj
LOAD CMakeFiles/TEST_L476RG.dir/Core/Src/sysmem.c.obj
LOAD CMakeFiles/TEST_L476RG.dir/Core/Src/syscalls.c.obj
LOAD CMakeFiles/TEST_L476RG.dir/startup_stm32l476xx.s.obj
LOAD C:/Users/alexi/AppData/Local/stm32cube/bundles/gnu-tools-for-stm32/14.3.1+st.2/bin/../lib/gcc/arm-none-eabi/14.3.1/../../../../arm-none-eabi/lib/thumb/v7e-m+fp/hard\libm.a
START GROUP
LOAD C:/Users/alexi/AppData/Local/stm32cube/bundles/gnu-tools-for-stm32/14.3.1+st.2/bin/../lib/gcc/arm-none-eabi/14.3.1/thumb/v7e-m+fp/hard\libgcc.a
LOAD C:/Users/alexi/AppData/Local/stm32cube/bundles/gnu-tools-for-stm32/14.3.1+st.2/bin/../lib/gcc/arm-none-eabi/14.3.1/../../../../arm-none-eabi/lib/thumb/v7e-m+fp/hard\libg_nano.a
LOAD C:/Users/alexi/AppData/Local/stm32cube/bundles/gnu-tools-for-stm32/14.3.1+st.2/bin/../lib/gcc/arm-none-eabi/14.3.1/../../../../arm-none-eabi/lib/thumb/v7e-m+fp/hard\libc_nano.a
END GROUP
START GROUP
LOAD C:/Users/alexi/AppData/Local/stm32cube/bundles/gnu-tools-for-stm32/14.3.1+st.2/bin/../lib/gcc/arm-none-eabi/14.3.1/thumb/v7e-m+fp/hard\libgcc.a
LOAD C:/Users/alexi/AppData/Local/stm32cube/bundles/gnu-tools-for-stm32/14.3.1+st.2/bin/../lib/gcc/arm-none-eabi/14.3.1/../../../../arm-none-eabi/lib/thumb/v7e-m+fp/hard\libc_nano.a
END GROUP
LOAD C:/Users/alexi/AppData/Local/stm32cube/bundles/gnu-tools-for-stm32/14.3.1+st.2/bin/../lib/gcc/arm-none-eabi/14.3.1/thumb/v7e-m+fp/hard/crtend.o
LOAD C:/Users/alexi/AppData/Local/stm32cube/bundles/gnu-tools-for-stm32/14.3.1+st.2/bin/../lib/gcc/arm-none-eabi/14.3.1/thumb/v7e-m+fp/hard/crtn.o
                0x20018000                        _estack = (ORIGIN (RAM) + LENGTH (RAM))
                0x00000200                        _Min_Heap_Size = 0x200
                0x00000400                        _Min_Stack_Size = 0x400

.isr_vector     0x08000000      0x188
                0x08000000                        . = ALIGN (0x8)
 *(.isr_vector)
 .isr_vector    0x08000000      0x188 CMakeFiles/TEST_L476RG.dir/startup_stm32l476xx.s.obj
                0x08000000                g_pfnVectors
                0x08000188                        . = ALIGN (0x8)

.text           0x08000190     0xb3f0
                0x08000190                        . = ALIGN (0x8)
 *(.text)
 .text          0x08000190       0x40 C:/Users/alexi/AppData/Local/stm32cube/bundles/gnu-tools-for-stm32/14.3.1+st.2/bin/../lib/gcc/arm-none-eabi/14.3.1/thumb/v7e-m+fp/hard/crtbegin.o
 .text          0x080001d0      0x378 C:/Users/alexi/AppData/Local/stm32cube/bundles/gnu-tools-for-stm32/14.3.1+st.2/bin/../lib/gcc/arm-none-eabi/14.3.1/thumb/v7e-m+fp/hard\libgcc.a(_arm_addsubdf3.o)
                0x080001d0                __aeabi_drsub
                0x080001d8                __aeabi_dsub
                0x080001d8                __subdf3
                0x080001dc                __aeabi_dadd
                0x080001dc                __adddf3
                0x08000454                __floatunsidf
                0x08000454                __aeabi_ui2d
                0x08000474                __floatsidf
                0x08000474                __aeabi_i2d
                0x08000498                __aeabi_f2d
                0x08000498                __extendsfdf2
                0x080004dc                __floatundidf
                0x080004dc                __aeabi_ul2d
                0x080004ec                __floatdidf
                0x080004ec                __aeabi_l2d
 .text          0x08000548      0x424 C:/Users/alexi/AppData/Local/stm32cube/bundles/gnu-tools-for-stm32/14.3.1+st.2/bin/../lib/gcc/arm-none-eabi/14.3.1/thumb/v7e-m+fp/hard\libgcc.a(_arm_muldivdf3.o)
                0x08000548                __aeabi_dmul
                0x08000548                __muldf3
                0x0800079c                __divdf3
                0x0800079c                __aeabi_ddiv
 .text          0x0800096c       0x50 C:/Users/alexi/AppData/Local/stm32cube/bundles/gnu-tools-for-stm32/14.3.1+st.2/bin/../lib/gcc/arm-none-eabi/14.3.1/thumb/v7e-m+fp/hard\libgcc.a(_arm_fixdfsi.o)
                0x0800096c                __aeabi_d2iz
                0x0800096c                __fixdfsi
 .text          0x080009bc       0x30 C:/Users/alexi/AppData/Local/stm32cube/bundles/gnu-tools-for-stm32/14.3.1+st.2/bin/../lib/gcc/arm-none-eabi/14.3.1/thumb/v7e-m+fp/hard\libgcc.a(_aeabi_uldivmod.o)
                0x080009bc                __aeabi_uldivmod
 .text          0x080009ec      0x2f8 C:/Users/alexi/AppData/Local/stm32cube/bundles/gnu-tools-for-stm32/14.3.1+st.2/bin/../lib/gcc/arm-none-eabi/14.3.1/thumb/v7e-m+fp/hard\libgcc.a(_udivmoddi4.o)
                0x080009ec                __udivmoddi4
 .text          0x08000ce4        0x4 C:/Users/alexi/AppData/Local/stm32cube/bundles/gnu-tools-for-stm32/14.3.1+st.2/bin/../lib/gcc/arm-none-eabi/14.3.1/thumb/v7e-m+fp/hard\libgcc.a(_dvmd_tls.o)
                0x08000ce4                __aeabi_idiv0
                0x08000ce4                __aeabi_ldiv0
 *fill*         0x08000ce8        0x8 
 .text          0x08000cf0       0xa0 C:/Users/alexi/AppData/Local/stm32cube/bundles/gnu-tools-for-stm32/14.3.1+st.2/bin/../lib/gcc/arm-none-eabi/14.3.1/../../../../arm-none-eabi/lib/thumb/v7e-m+fp/hard\libg_nano.a(libc_a-memchr.o)
                0x08000cf0                memchr
 .text          0x08000d90       0x10 C:/Users/alexi/AppData/Local/stm32cube/bundles/gnu-tools-for-stm32/14.3.1+st.2/bin/../lib/gcc/arm-none-eabi/14.3.1/../../../../arm-none-eabi/lib/thumb/v7e-m+fp/hard\libg_nano.a(libc_a-strlen.o)
                0x08000d90                strlen
 .text          0x08000da0      0x110 C:/Users/alexi/AppData/Local/stm32cube/bundles/gnu-tools-for-stm32/14.3.1+st.2/bin/../lib/gcc/arm-none-eabi/14.3.1/thumb/v7e-m+fp/hard\libgcc.a(_arm_cmpdf2.o)
                0x08000da0                __gtdf2
                0x08000da0                __gedf2
                0x08000da8                __ltdf2
                0x08000da8                __ledf2
                0x08000db0                __nedf2
                0x08000db0                __eqdf2
                0x08000db0                __cmpdf2
                0x08000e2c                __aeabi_cdrcmple
                0x08000e3c                __aeabi_cdcmpeq
                0x08000e3c                __aeabi_cdcmple
                0x08000e4c                __aeabi_dcmpeq
                0x08000e60                __aeabi_dcmplt
                0x08000e74                __aeabi_dcmple
                0x08000e88                __aeabi_dcmpge
                0x08000e9c                __aeabi_dcmpgt
 .text          0x08000eb0       0x2c C:/Users/alexi/AppData/Local/stm32cube/bundles/gnu-tools-for-stm32/14.3.1+st.2/bin/../lib/gcc/arm-none-eabi/14.3.1/thumb/v7e-m+fp/hard\libgcc.a(_arm_unorddf2.o)
                0x08000eb0                __unorddf2
                0x08000eb0                __aeabi_dcmpun
 *(.text*)
 .text.SystemInit
                0x08000edc       0x24 cmake/stm32cubemx/CMakeFiles/STM32_Drivers.dir/__/__/Core/Src/system_stm32l4xx.c.obj
                0x08000edc                SystemInit
 .text.HAL_UART_Init
                0x08000f00       0x9c cmake/stm32cubemx/CMakeFiles/STM32_Drivers.dir/__/__/Drivers/STM32L4xx_HAL_Driver/Src/stm32l4xx_hal_uart.c.obj
                0x08000f00                HAL_UART_Init
 .text.HAL_HalfDuplex_Init
                0x08000f9c       0xac cmake/stm32cubemx/CMakeFiles/STM32_Drivers.dir/__/__/Drivers/STM32L4xx_HAL_Driver/Src/stm32l4xx_hal_uart.c.obj
                0x08000f9c                HAL_HalfDuplex_Init
 .text.HAL_UART_Transmit
                0x08001048      0x126 cmake/stm32cubemx/CMakeFiles/STM32_Drivers.dir/__/__/Drivers/STM32L4xx_HAL_Driver/Src/stm32l4xx_hal_uart.c.obj
                0x08001048                HAL_UART_Transmit
 *fill*         0x0800116e        0x2 
 .text.HAL_UART_AbortReceive_IT
                0x08001170      0x180 cmake/stm32cubemx/CMakeFiles/STM32_Drivers.dir/__/__/Drivers/STM32L4xx_HAL_Driver/Src/stm32l4xx_hal_uart.c.obj
                0x08001170                HAL_UART_AbortReceive_IT
 .text.HAL_UART_IRQHandler
                0x080012f0      0x60c cmake/stm32cubemx/CMakeFiles/STM32_Drivers.dir/__/__/Drivers/STM32L4xx_HAL_Driver/Src/stm32l4xx_hal_uart.c.obj
                0x080012f0                HAL_UART_IRQHandler
 .text.HAL_UART_TxCpltCallback
                0x080018fc       0x14 cmake/stm32cubemx/CMakeFiles/STM32_Drivers.dir/__/__/Drivers/STM32L4xx_HAL_Driver/Src/stm32l4xx_hal_uart.c.obj
                0x080018fc                HAL_UART_TxCpltCallback
 .text.HAL_UART_RxCpltCallback
                0x08001910       0x14 cmake/stm32cubemx/CMakeFiles/STM32_Drivers.dir/__/__/Drivers/STM32L4xx_HAL_Driver/Src/stm32l4xx_hal_uart.c.obj
                0x08001910                HAL_UART_RxCpltCallback
 .text.HAL_UART_ErrorCallback
                0x08001924       0x14 cmake/stm32cubemx/CMakeFiles/STM32_Drivers.dir/__/__/Drivers/STM32L4xx_HAL_Driver/Src/stm32l4xx_hal_uart.c.obj
                0x08001924                HAL_UART_ErrorCallback
 .text.HAL_UART_AbortReceiveCpltCallback
                0x08001938       0x14 cmake/stm32cubemx/CMakeFiles/STM32_Drivers.dir/__/__/Drivers/STM32L4xx_HAL_Driver/Src/stm32l4xx_hal_uart.c.obj
                0x08001938                HAL_UART_AbortReceiveCpltCallback
 .text.HAL_HalfDuplex_EnableReceiver
                0x0800194c       0xa4 cmake/stm32cubemx/CMakeFiles/STM32_Drivers.dir/__/__/Drivers/STM32L4xx_HAL_Driver/Src/stm32l4xx_hal_uart.c.obj
                0x0800194c                HAL_HalfDuplex_EnableReceiver
 .text.UART_SetConfig
                0x080019f0      0x570 cmake/stm32cubemx/CMakeFiles/STM32_Drivers.dir/__/__/Drivers/STM32L4xx_HAL_Driver/Src/stm32l4xx_hal_uart.c.obj
                0x080019f0                UART_SetConfig
 .text.UART_AdvFeatureConfig
                0x08001f60      0x144 cmake/stm32cubemx/CMakeFiles/STM32_Drivers.dir/__/__/Drivers/STM32L4xx_HAL_Driver/Src/stm32l4xx_hal_uart.c.obj
                0x08001f60                UART_AdvFeatureConfig
 .text.UART_CheckIdleState
                0x080020a4      0x150 cmake/stm32cubemx/CMakeFiles/STM32_Drivers.dir/__/__/Drivers/STM32L4xx_HAL_Driver/Src/stm32l4xx_hal_uart.c.obj
                0x080020a4                UART_CheckIdleState
 .text.UART_WaitOnFlagUntilTimeout
                0x080021f4       0xda cmake/stm32cubemx/CMakeFiles/STM32_Drivers.dir/__/__/Drivers/STM32L4xx_HAL_Driver/Src/stm32l4xx_hal_uart.c.obj
                0x080021f4                UART_WaitOnFlagUntilTimeout
 *fill*         0x080022ce        0x2 
 .text.UART_Start_Receive_IT
                0x080022d0      0x18c cmake/stm32cubemx/CMakeFiles/STM32_Drivers.dir/__/__/Drivers/STM32L4xx_HAL_Driver/Src/stm32l4xx_hal_uart.c.obj
                0x080022d0                UART_Start_Receive_IT
 .text.UART_EndRxTransfer
                0x0800245c       0xc8 cmake/stm32cubemx/CMakeFiles/STM32_Drivers.dir/__/__/Drivers/STM32L4xx_HAL_Driver/Src/stm32l4xx_hal_uart.c.obj
 .text.UART_DMAAbortOnError
                0x08002524       0x1c cmake/stm32cubemx/CMakeFiles/STM32_Drivers.dir/__/__/Drivers/STM32L4xx_HAL_Driver/Src/stm32l4xx_hal_uart.c.obj
 .text.UART_DMARxOnlyAbortCallback
                0x08002540       0x42 cmake/stm32cubemx/CMakeFiles/STM32_Drivers.dir/__/__/Drivers/STM32L4xx_HAL_Driver/Src/stm32l4xx_hal_uart.c.obj
 .text.UART_EndTransmit_IT
                0x08002582       0x54 cmake/stm32cubemx/CMakeFiles/STM32_Drivers.dir/__/__/Drivers/STM32L4xx_HAL_Driver/Src/stm32l4xx_hal_uart.c.obj
 *fill*         0x080025d6        0x2 
 .text.UART_RxISR_8BIT
                0x080025d8      0x1b8 cmake/stm32cubemx/CMakeFiles/STM32_Drivers.dir/__/__/Drivers/STM32L4xx_HAL_Driver/Src/stm32l4xx_hal_uart.c.obj
 .text.UART_RxISR_16BIT
                0x08002790      0x1b8 cmake/stm32cubemx/CMakeFiles/STM32_Drivers.dir/__/__/Drivers/STM32L4xx_HAL_Driver/Src/stm32l4xx_hal_uart.c.obj
 .text.HAL_UARTEx_WakeupCallback
                0x08002948       0x14 cmake/stm32cubemx/CMakeFiles/STM32_Drivers.dir/__/__/Drivers/STM32L4xx_HAL_Driver/Src/stm32l4xx_hal_uart_ex.c.obj
                0x08002948                HAL_UARTEx_WakeupCallback
 .text.HAL_UARTEx_ReceiveToIdle_IT
                0x0800295c       0xa0 cmake/stm32cubemx/CMakeFiles/STM32_Drivers.dir/__/__/Drivers/STM32L4xx_HAL_Driver/Src/stm32l4xx_hal_uart_ex.c.obj
                0x0800295c                HAL_UARTEx_ReceiveToIdle_IT
 .text.HAL_Init
                0x080029fc       0x40 cmake/stm32cubemx/CMakeFiles/STM32_Drivers.dir/__/__/Drivers/STM32L4xx_HAL_Driver/Src/stm32l4xx_hal.c.obj
                0x080029fc                HAL_Init
 .text.HAL_InitTick
                0x08002a3c       0x78 cmake/stm32cubemx/CMakeFiles/STM32_Drivers.dir/__/__/Drivers/STM32L4xx_HAL_Driver/Src/stm32l4xx_hal.c.obj
                0x08002a3c                HAL_InitTick
 .text.HAL_IncTick
                0x08002ab4       0x28 cmake/stm32cubemx/CMakeFiles/STM32_Drivers.dir/__/__/Drivers/STM32L4xx_HAL_Driver/Src/stm32l4xx_hal.c.obj
                0x08002ab4                HAL_IncTick
 .text.HAL_GetTick
                0x08002adc       0x18 cmake/stm32cubemx/CMakeFiles/STM32_Drivers.dir/__/__/Drivers/STM32L4xx_HAL_Driver/Src/stm32l4xx_hal.c.obj
                0x08002adc                HAL_GetTick
 .text.HAL_Delay
                0x08002af4       0x48 cmake/stm32cubemx/CMakeFiles/STM32_Drivers.dir/__/__/Drivers/STM32L4xx_HAL_Driver/Src/stm32l4xx_hal.c.obj
                0x08002af4                HAL_Delay
 .text.HAL_RCC_OscConfig
                0x08002b3c      0x7b8 cmake/stm32cubemx/CMakeFiles/STM32_Drivers.dir/__/__/Drivers/STM32L4xx_HAL_Driver/Src/stm32l4xx_hal_rcc.c.obj
                0x08002b3c                HAL_RCC_OscConfig
 .text.HAL_RCC_ClockConfig
                0x080032f4      0x200 cmake/stm32cubemx/CMakeFiles/STM32_Drivers.dir/__/__/Drivers/STM32L4xx_HAL_Driver/Src/stm32l4xx_hal_rcc.c.obj
                0x080032f4                HAL_RCC_ClockConfig
 .text.HAL_RCC_GetSysClockFreq
                0x080034f4      0x118 cmake/stm32cubemx/CMakeFiles/STM32_Drivers.dir/__/__/Drivers/STM32L4xx_HAL_Driver/Src/stm32l4xx_hal_rcc.c.obj
                0x080034f4                HAL_RCC_GetSysClockFreq
 .text.HAL_RCC_GetHCLKFreq
                0x0800360c       0x18 cmake/stm32cubemx/CMakeFiles/STM32_Drivers.dir/__/__/Drivers/STM32L4xx_HAL_Driver/Src/stm32l4xx_hal_rcc.c.obj
                0x0800360c                HAL_RCC_GetHCLKFreq
 .text.HAL_RCC_GetPCLK1Freq
                0x08003624       0x2c cmake/stm32cubemx/CMakeFiles/STM32_Drivers.dir/__/__/Drivers/STM32L4xx_HAL_Driver/Src/stm32l4xx_hal_rcc.c.obj
                0x08003624                HAL_RCC_GetPCLK1Freq
 .text.HAL_RCC_GetPCLK2Freq
                0x08003650       0x2c cmake/stm32cubemx/CMakeFiles/STM32_Drivers.dir/__/__/Drivers/STM32L4xx_HAL_Driver/Src/stm32l4xx_hal_rcc.c.obj
                0x08003650                HAL_RCC_GetPCLK2Freq
 .text.RCC_SetFlashLatencyFromMSIRange
                0x0800367c       0xc0 cmake/stm32cubemx/CMakeFiles/STM32_Drivers.dir/__/__/Drivers/STM32L4xx_HAL_Driver/Src/stm32l4xx_hal_rcc.c.obj
 .text.HAL_RCCEx_PeriphCLKConfig
                0x0800373c      0x5d4 cmake/stm32cubemx/CMakeFiles/STM32_Drivers.dir/__/__/Drivers/STM32L4xx_HAL_Driver/Src/stm32l4xx_hal_rcc_ex.c.obj
                0x0800373c                HAL_RCCEx_PeriphCLKConfig
 .text.RCCEx_PLLSAI1_Config
                0x08003d10      0x1e8 cmake/stm32cubemx/CMakeFiles/STM32_Drivers.dir/__/__/Drivers/STM32L4xx_HAL_Driver/Src/stm32l4xx_hal_rcc_ex.c.obj
 .text.RCCEx_PLLSAI2_Config
                0x08003ef8      0x1bc cmake/stm32cubemx/CMakeFiles/STM32_Drivers.dir/__/__/Drivers/STM32L4xx_HAL_Driver/Src/stm32l4xx_hal_rcc_ex.c.obj
 .text.HAL_GPIO_Init
                0x080040b4      0x354 cmake/stm32cubemx/CMakeFiles/STM32_Drivers.dir/__/__/Drivers/STM32L4xx_HAL_Driver/Src/stm32l4xx_hal_gpio.c.obj
                0x080040b4                HAL_GPIO_Init
 .text.HAL_GPIO_ReadPin
                0x08004408       0x30 cmake/stm32cubemx/CMakeFiles/STM32_Drivers.dir/__/__/Drivers/STM32L4xx_HAL_Driver/Src/stm32l4xx_hal_gpio.c.obj
                0x08004408                HAL_GPIO_ReadPin
 .text.HAL_GPIO_WritePin
                0x08004438       0x30 cmake/stm32cubemx/CMakeFiles/STM32_Drivers.dir/__/__/Drivers/STM32L4xx_HAL_Driver/Src/stm32l4xx_hal_gpio.c.obj
                0x08004438                HAL_GPIO_WritePin
 .text.HAL_GPIO_TogglePin
                0x08004468       0x34 cmake/stm32cubemx/CMakeFiles/STM32_Drivers.dir/__/__/Drivers/STM32L4xx_HAL_Driver/Src/stm32l4xx_hal_gpio.c.obj
                0x08004468                HAL_GPIO_TogglePin
 .text.HAL_DMA_Abort
                0x0800449c       0x82 cmake/stm32cubemx/CMakeFiles/STM32_Drivers.dir/__/__/Drivers/STM32L4xx_HAL_Driver/Src/stm32l4xx_hal_dma.c.obj
                0x0800449c                HAL_DMA_Abort
 .text.HAL_DMA_Abort_IT
                0x0800451e       0x82 cmake/stm32cubemx/CMakeFiles/STM32_Drivers.dir/__/__/Drivers/STM32L4xx_HAL_Driver/Src/stm32l4xx_hal_dma.c.obj
                0x0800451e                HAL_DMA_Abort_IT
 .text.HAL_PWREx_GetVoltageRange
                0x080045a0       0x1c cmake/stm32cubemx/CMakeFiles/STM32_Drivers.dir/__/__/Drivers/STM32L4xx_HAL_Driver/Src/stm32l4xx_hal_pwr_ex.c.obj
                0x080045a0                HAL_PWREx_GetVoltageRange
 .text.HAL_PWREx_ControlVoltageScaling
                0x080045bc       0xac cmake/stm32cubemx/CMakeFiles/STM32_Drivers.dir/__/__/Drivers/STM32L4xx_HAL_Driver/Src/stm32l4xx_hal_pwr_ex.c.obj
                0x080045bc                HAL_PWREx_ControlVoltageScaling
 .text.__NVIC_SetPriorityGrouping
                0x08004668       0x48 cmake/stm32cubemx/CMakeFiles/STM32_Drivers.dir/__/__/Drivers/STM32L4xx_HAL_Driver/Src/stm32l4xx_hal_cortex.c.obj
 .text.__NVIC_GetPriorityGrouping
                0x080046b0       0x1c cmake/stm32cubemx/CMakeFiles/STM32_Drivers.dir/__/__/Drivers/STM32L4xx_HAL_Driver/Src/stm32l4xx_hal_cortex.c.obj
 .text.__NVIC_EnableIRQ
                0x080046cc       0x3c cmake/stm32cubemx/CMakeFiles/STM32_Drivers.dir/__/__/Drivers/STM32L4xx_HAL_Driver/Src/stm32l4xx_hal_cortex.c.obj
 .text.__NVIC_SetPriority
                0x08004708       0x54 cmake/stm32cubemx/CMakeFiles/STM32_Drivers.dir/__/__/Drivers/STM32L4xx_HAL_Driver/Src/stm32l4xx_hal_cortex.c.obj
 .text.NVIC_EncodePriority
                0x0800475c       0x66 cmake/stm32cubemx/CMakeFiles/STM32_Drivers.dir/__/__/Drivers/STM32L4xx_HAL_Driver/Src/stm32l4xx_hal_cortex.c.obj
 *fill*         0x080047c2        0x2 
 .text.SysTick_Config
                0x080047c4       0x44 cmake/stm32cubemx/CMakeFiles/STM32_Drivers.dir/__/__/Drivers/STM32L4xx_HAL_Driver/Src/stm32l4xx_hal_cortex.c.obj
 .text.HAL_NVIC_SetPriorityGrouping
                0x08004808       0x16 cmake/stm32cubemx/CMakeFiles/STM32_Drivers.dir/__/__/Drivers/STM32L4xx_HAL_Driver/Src/stm32l4xx_hal_cortex.c.obj
                0x08004808                HAL_NVIC_SetPriorityGrouping
 .text.HAL_NVIC_SetPriority
                0x0800481e       0x38 cmake/stm32cubemx/CMakeFiles/STM32_Drivers.dir/__/__/Drivers/STM32L4xx_HAL_Driver/Src/stm32l4xx_hal_cortex.c.obj
                0x0800481e                HAL_NVIC_SetPriority
 .text.HAL_NVIC_EnableIRQ
                0x08004856       0x1c cmake/stm32cubemx/CMakeFiles/STM32_Drivers.dir/__/__/Drivers/STM32L4xx_HAL_Driver/Src/stm32l4xx_hal_cortex.c.obj
                0x08004856                HAL_NVIC_EnableIRQ
 .text.HAL_SYSTICK_Config
                0x08004872       0x18 cmake/stm32cubemx/CMakeFiles/STM32_Drivers.dir/__/__/Drivers/STM32L4xx_HAL_Driver/Src/stm32l4xx_hal_cortex.c.obj
                0x08004872                HAL_SYSTICK_Config
 .text.STS_UART_Port_Init
                0x0800488a       0x8c CMakeFiles/TEST_L476RG.dir/Core/Src/drivers/STS.c.obj
                0x0800488a                STS_UART_Port_Init
 .text.STS_UART_Port_Callback_RX_IRQHandler
                0x08004916       0x20 CMakeFiles/TEST_L476RG.dir/Core/Src/drivers/STS.c.obj
                0x08004916                STS_UART_Port_Callback_RX_IRQHandler
 .text.wt901b_compute_checksum
                0x08004936       0x3e CMakeFiles/TEST_L476RG.dir/Core/Src/drivers/WT901B.c.obj
 .text.WT901B_Init
                0x08004974       0xb0 CMakeFiles/TEST_L476RG.dir/Core/Src/drivers/WT901B.c.obj
                0x08004974                WT901B_Init
 .text.WT901B_UART_Callback_RX_IRQHandler
                0x08004a24       0x62 CMakeFiles/TEST_L476RG.dir/Core/Src/drivers/WT901B.c.obj
                0x08004a24                WT901B_UART_Callback_RX_IRQHandler
 .text.WT901B_Parse_Frames
                0x08004a86       0xaa CMakeFiles/TEST_L476RG.dir/Core/Src/drivers/WT901B.c.obj
                0x08004a86                WT901B_Parse_Frames
 .text.WT901B_Parse_One_Frame
                0x08004b30      0x184 CMakeFiles/TEST_L476RG.dir/Core/Src/drivers/WT901B.c.obj
                0x08004b30                WT901B_Parse_One_Frame
 .text.WT901B_parse_time_frame
                0x08004cb4       0x6e CMakeFiles/TEST_L476RG.dir/Core/Src/drivers/WT901B.c.obj
 *fill*         0x08004d22        0x2 
 .text.WT901B_parse_accel_frame
                0x08004d24       0xd4 CMakeFiles/TEST_L476RG.dir/Core/Src/drivers/WT901B.c.obj
 .text.WT901B_parse_gyro_frame
                0x08004df8       0xa4 CMakeFiles/TEST_L476RG.dir/Core/Src/drivers/WT901B.c.obj
 .text.WT901B_parse_angle_frame
                0x08004e9c       0xa4 CMakeFiles/TEST_L476RG.dir/Core/Src/drivers/WT901B.c.obj
 .text.WT901B_parse_mag_frame
                0x08004f40       0xec CMakeFiles/TEST_L476RG.dir/Core/Src/drivers/WT901B.c.obj
 .text.WT901B_parse_port_frame
                0x0800502c       0x8c CMakeFiles/TEST_L476RG.dir/Core/Src/drivers/WT901B.c.obj
 .text.WT901B_parse_pressure_frame
                0x080050b8       0x64 CMakeFiles/TEST_L476RG.dir/Core/Src/drivers/WT901B.c.obj
 .text.WT901B_parse_gps_frame
                0x0800511c       0x78 CMakeFiles/TEST_L476RG.dir/Core/Src/drivers/WT901B.c.obj
 .text.WT901B_parse_velocity_frame
                0x08005194       0xb4 CMakeFiles/TEST_L476RG.dir/Core/Src/drivers/WT901B.c.obj
 .text.WT901B_parse_quaternion_frame
                0x08005248       0xd0 CMakeFiles/TEST_L476RG.dir/Core/Src/drivers/WT901B.c.obj
 .text.WT901B_parse_gsa_frame
                0x08005318       0xa4 CMakeFiles/TEST_L476RG.dir/Core/Src/drivers/WT901B.c.obj
 .text.MX_GPIO_Init
                0x080053bc      0x140 CMakeFiles/TEST_L476RG.dir/Core/Src/peripherals/gpio.c.obj
                0x080053bc                MX_GPIO_Init
 .text.MX_UART4_Init
                0x080054fc       0x60 CMakeFiles/TEST_L476RG.dir/Core/Src/peripherals/usart.c.obj
                0x080054fc                MX_UART4_Init
 .text.MX_USART1_UART_Init
                0x0800555c       0x60 CMakeFiles/TEST_L476RG.dir/Core/Src/peripherals/usart.c.obj
                0x0800555c                MX_USART1_UART_Init
 .text.MX_USART2_UART_Init
                0x080055bc       0x60 CMakeFiles/TEST_L476RG.dir/Core/Src/peripherals/usart.c.obj
                0x080055bc                MX_USART2_UART_Init
 .text.MX_USART3_UART_Init
                0x0800561c       0x60 CMakeFiles/TEST_L476RG.dir/Core/Src/peripherals/usart.c.obj
                0x0800561c                MX_USART3_UART_Init
 .text.HAL_UART_MspInit
                0x0800567c      0x294 CMakeFiles/TEST_L476RG.dir/Core/Src/peripherals/usart.c.obj
                0x0800567c                HAL_UART_MspInit
 .text.UART_get_buffer
                0x08005910       0xa0 CMakeFiles/TEST_L476RG.dir/Core/Src/peripherals/usart.c.obj
                0x08005910                UART_get_buffer
 .text.HAL_UARTEx_RxEventCallback
                0x080059b0       0x88 CMakeFiles/TEST_L476RG.dir/Core/Src/peripherals/usart.c.obj
                0x080059b0                HAL_UARTEx_RxEventCallback
 .text.wrap_add
                0x08005a38       0x42 CMakeFiles/TEST_L476RG.dir/Core/Src/utils/circular_buffer.c.obj
 .text.cb_lock  0x08005a7a       0x14 CMakeFiles/TEST_L476RG.dir/Core/Src/utils/circular_buffer.c.obj
 .text.cb_unlock
                0x08005a8e       0x14 CMakeFiles/TEST_L476RG.dir/Core/Src/utils/circular_buffer.c.obj
 .text.cb_init  0x08005aa2       0x5e CMakeFiles/TEST_L476RG.dir/Core/Src/utils/circular_buffer.c.obj
                0x08005aa2                cb_init
 .text.cb_push  0x08005b00       0xaa CMakeFiles/TEST_L476RG.dir/Core/Src/utils/circular_buffer.c.obj
                0x08005b00                cb_push
 .text.cb_peek_relative_ptr
                0x08005baa       0x56 CMakeFiles/TEST_L476RG.dir/Core/Src/utils/circular_buffer.c.obj
                0x08005baa                cb_peek_relative_ptr
 .text.wrap_add
                0x08005c00       0x42 CMakeFiles/TEST_L476RG.dir/Core/Src/utils/data_topic.c.obj
 .text.dt_lock  0x08005c42       0x14 CMakeFiles/TEST_L476RG.dir/Core/Src/utils/data_topic.c.obj
 .text.dt_unlock
                0x08005c56       0x14 CMakeFiles/TEST_L476RG.dir/Core/Src/utils/data_topic.c.obj
 .text.data_topic_init
                0x08005c6a       0x4c CMakeFiles/TEST_L476RG.dir/Core/Src/utils/data_topic.c.obj
                0x08005c6a                data_topic_init
 .text.data_topic_publish
                0x08005cb6       0x46 CMakeFiles/TEST_L476RG.dir/Core/Src/utils/data_topic.c.obj
                0x08005cb6                data_topic_publish
 .text.data_sub_attach
                0x08005cfc       0xae CMakeFiles/TEST_L476RG.dir/Core/Src/utils/data_topic.c.obj
                0x08005cfc                data_sub_attach
 .text.data_sub_sync
                0x08005daa       0x4c CMakeFiles/TEST_L476RG.dir/Core/Src/utils/data_topic.c.obj
                0x08005daa                data_sub_sync
 .text.data_sub_num_to_read
                0x08005df6       0x44 CMakeFiles/TEST_L476RG.dir/Core/Src/utils/data_topic.c.obj
                0x08005df6                data_sub_num_to_read
 .text.data_sub_peek_relative_ptr
                0x08005e3a       0x94 CMakeFiles/TEST_L476RG.dir/Core/Src/utils/data_topic.c.obj
                0x08005e3a                data_sub_peek_relative_ptr
 .text.data_sub_read_ptr
                0x08005ece       0x6c CMakeFiles/TEST_L476RG.dir/Core/Src/utils/data_topic.c.obj
                0x08005ece                data_sub_read_ptr
 .text.data_sub_read
                0x08005f3a       0x4e CMakeFiles/TEST_L476RG.dir/Core/Src/utils/data_topic.c.obj
                0x08005f3a                data_sub_read
 .text.float3_make
                0x08005f88       0x54 CMakeFiles/TEST_L476RG.dir/Core/Src/utils/float3.c.obj
                0x08005f88                float3_make
 .text.float3_sub
                0x08005fdc       0xa6 CMakeFiles/TEST_L476RG.dir/Core/Src/utils/float3.c.obj
                0x08005fdc                float3_sub
 .text.float3_scale
                0x08006082       0x92 CMakeFiles/TEST_L476RG.dir/Core/Src/utils/float3.c.obj
                0x08006082                float3_scale
 .text.float3_dot
                0x08006114       0x70 CMakeFiles/TEST_L476RG.dir/Core/Src/utils/float3.c.obj
                0x08006114                float3_dot
 .text.float3_norm2
                0x08006184       0x60 CMakeFiles/TEST_L476RG.dir/Core/Src/utils/float3.c.obj
                0x08006184                float3_norm2
 .text.float3_norm
                0x080061e4       0x54 CMakeFiles/TEST_L476RG.dir/Core/Src/utils/float3.c.obj
                0x080061e4                float3_norm
 .text.quatf_make
                0x08006238       0x58 CMakeFiles/TEST_L476RG.dir/Core/Src/utils/quaternion.c.obj
                0x08006238                quatf_make
 .text.quatf_from_vec3
                0x08006290       0x90 CMakeFiles/TEST_L476RG.dir/Core/Src/utils/quaternion.c.obj
                0x08006290                quatf_from_vec3
 .text.quatf_from_axis_angle
                0x08006320       0xd0 CMakeFiles/TEST_L476RG.dir/Core/Src/utils/quaternion.c.obj
                0x08006320                quatf_from_axis_angle
 .text.quatf_to_vec3
                0x080063f0       0x5a CMakeFiles/TEST_L476RG.dir/Core/Src/utils/quaternion.c.obj
                0x080063f0                quatf_to_vec3
 .text.quatf_mul
                0x0800644a      0x198 CMakeFiles/TEST_L476RG.dir/Core/Src/utils/quaternion.c.obj
                0x0800644a                quatf_mul
 .text.quatf_mul_ip
                0x080065e2      0x150 CMakeFiles/TEST_L476RG.dir/Core/Src/utils/quaternion.c.obj
                0x080065e2                quatf_mul_ip
 .text.quatf_conj
                0x08006732       0xa4 CMakeFiles/TEST_L476RG.dir/Core/Src/utils/quaternion.c.obj
                0x08006732                quatf_conj
 .text.quatf_rotate_vector
                0x080067d6      0x1e6 CMakeFiles/TEST_L476RG.dir/Core/Src/utils/quaternion.c.obj
                0x080067d6                quatf_rotate_vector
 .text.quatdyn_delta_from_omega
                0x080069bc      0x15c CMakeFiles/TEST_L476RG.dir/Core/Src/utils/quaternion_dynamics.c.obj
                0x080069bc                quatdyn_delta_from_omega
 .text.quatdyn_propagate_ip
                0x08006b18       0x94 CMakeFiles/TEST_L476RG.dir/Core/Src/utils/quaternion_dynamics.c.obj
                0x08006b18                quatdyn_propagate_ip
 .text.main     0x08006bac      0x3b4 CMakeFiles/TEST_L476RG.dir/Core/Src/main.c.obj
                0x08006bac                main
 .text.SystemClock_Config
                0x08006f60       0xa2 CMakeFiles/TEST_L476RG.dir/Core/Src/main.c.obj
                0x08006f60                SystemClock_Config
 *fill*         0x08007002        0x2 
 .text.on_new_accel_frame
                0x08007004       0x70 CMakeFiles/TEST_L476RG.dir/Core/Src/main.c.obj
                0x08007004                on_new_accel_frame
 .text.on_new_gyro_frame
                0x08007074      0x1ec CMakeFiles/TEST_L476RG.dir/Core/Src/main.c.obj
                0x08007074                on_new_gyro_frame
 .text.on_new_pressure_frame
                0x08007260       0x88 CMakeFiles/TEST_L476RG.dir/Core/Src/main.c.obj
                0x08007260                on_new_pressure_frame
 .text.Error_Handler
                0x080072e8        0xc CMakeFiles/TEST_L476RG.dir/Core/Src/main.c.obj
                0x080072e8                Error_Handler
 .text.NMI_Handler
                0x080072f4        0x8 CMakeFiles/TEST_L476RG.dir/Core/Src/stm32l4xx_it.c.obj
                0x080072f4                NMI_Handler
 .text.HardFault_Handler
                0x080072fc        0x8 CMakeFiles/TEST_L476RG.dir/Core/Src/stm32l4xx_it.c.obj
                0x080072fc                HardFault_Handler
 .text.MemManage_Handler
                0x08007304        0x8 CMakeFiles/TEST_L476RG.dir/Core/Src/stm32l4xx_it.c.obj
                0x08007304                MemManage_Handler
 .text.BusFault_Handler
                0x0800730c        0x8 CMakeFiles/TEST_L476RG.dir/Core/Src/stm32l4xx_it.c.obj
                0x0800730c                BusFault_Handler
 .text.UsageFault_Handler
                0x08007314        0x8 CMakeFiles/TEST_L476RG.dir/Core/Src/stm32l4xx_it.c.obj
                0x08007314                UsageFault_Handler
 .text.SVC_Handler
                0x0800731c        0xe CMakeFiles/TEST_L476RG.dir/Core/Src/stm32l4xx_it.c.obj
                0x0800731c                SVC_Handler
 .text.DebugMon_Handler
                0x0800732a        0xe CMakeFiles/TEST_L476RG.dir/Core/Src/stm32l4xx_it.c.obj
                0x0800732a                DebugMon_Handler
 .text.PendSV_Handler
                0x08007338        0xe CMakeFiles/TEST_L476RG.dir/Core/Src/stm32l4xx_it.c.obj
                0x08007338                PendSV_Handler
 .text.SysTick_Handler
                0x08007346        0xc CMakeFiles/TEST_L476RG.dir/Core/Src/stm32l4xx_it.c.obj
                0x08007346                SysTick_Handler
 *fill*         0x08007352        0x2 
 .text.USART1_IRQHandler
                0x08007354       0x14 CMakeFiles/TEST_L476RG.dir/Core/Src/stm32l4xx_it.c.obj
                0x08007354                USART1_IRQHandler
 .text.USART2_IRQHandler
                0x08007368       0x14 CMakeFiles/TEST_L476RG.dir/Core/Src/stm32l4xx_it.c.obj
                0x08007368                USART2_IRQHandler
 .text.USART3_IRQHandler
                0x0800737c       0x14 CMakeFiles/TEST_L476RG.dir/Core/Src/stm32l4xx_it.c.obj
                0x0800737c                USART3_IRQHandler
 .text.UART4_IRQHandler
                0x08007390       0x14 CMakeFiles/TEST_L476RG.dir/Core/Src/stm32l4xx_it.c.obj
                0x08007390                UART4_IRQHandler
 .text.HAL_MspInit
                0x080073a4       0x48 CMakeFiles/TEST_L476RG.dir/Core/Src/stm32l4xx_hal_msp.c.obj
                0x080073a4                HAL_MspInit
 .text._sbrk    0x080073ec       0x6c CMakeFiles/TEST_L476RG.dir/Core/Src/sysmem.c.obj
                0x080073ec                _sbrk
 .text._getpid  0x08007458       0x10 CMakeFiles/TEST_L476RG.dir/Core/Src/syscalls.c.obj
                0x08007458                _getpid
 .text._kill    0x08007468       0x20 CMakeFiles/TEST_L476RG.dir/Core/Src/syscalls.c.obj
                0x08007468                _kill
 .text._exit    0x08007488       0x16 CMakeFiles/TEST_L476RG.dir/Core/Src/syscalls.c.obj
                0x08007488                _exit
 .text._read    0x0800749e       0x3a CMakeFiles/TEST_L476RG.dir/Core/Src/syscalls.c.obj
                0x0800749e                _read
 .text._write   0x080074d8       0x38 CMakeFiles/TEST_L476RG.dir/Core/Src/syscalls.c.obj
                0x080074d8                _write
 .text._close   0x08007510       0x18 CMakeFiles/TEST_L476RG.dir/Core/Src/syscalls.c.obj
                0x08007510                _close
 .text._fstat   0x08007528       0x20 CMakeFiles/TEST_L476RG.dir/Core/Src/syscalls.c.obj
                0x08007528                _fstat
 .text._isatty  0x08007548       0x16 CMakeFiles/TEST_L476RG.dir/Core/Src/syscalls.c.obj
                0x08007548                _isatty
 .text._lseek   0x0800755e       0x1a CMakeFiles/TEST_L476RG.dir/Core/Src/syscalls.c.obj
                0x0800755e                _lseek
 .text.Reset_Handler
                0x08007578       0x50 CMakeFiles/TEST_L476RG.dir/startup_stm32l476xx.s.obj
                0x08007578                Reset_Handler
 .text.Default_Handler
                0x080075c8        0x2 CMakeFiles/TEST_L476RG.dir/startup_stm32l476xx.s.obj
                0x080075c8                RTC_Alarm_IRQHandler
                0x080075c8                EXTI2_IRQHandler
                0x080075c8                TIM8_TRG_COM_IRQHandler
                0x080075c8                TIM8_CC_IRQHandler
                0x080075c8                TIM1_CC_IRQHandler
                0x080075c8                TSC_IRQHandler
                0x080075c8                TAMP_STAMP_IRQHandler
                0x080075c8                EXTI3_IRQHandler
                0x080075c8                LPTIM2_IRQHandler
                0x080075c8                DFSDM1_FLT1_IRQHandler
                0x080075c8                I2C3_ER_IRQHandler
                0x080075c8                DFSDM1_FLT2_IRQHandler
                0x080075c8                EXTI0_IRQHandler
                0x080075c8                I2C2_EV_IRQHandler
                0x080075c8                CAN1_RX0_IRQHandler
                0x080075c8                FPU_IRQHandler
                0x080075c8                TIM1_UP_TIM16_IRQHandler
                0x080075c8                ADC1_2_IRQHandler
                0x080075c8                SPI1_IRQHandler
                0x080075c8                TIM6_DAC_IRQHandler
                0x080075c8                TIM8_UP_IRQHandler
                0x080075c8                DMA2_Channel2_IRQHandler
                0x080075c8                DMA1_Channel4_IRQHandler
                0x080075c8                SAI2_IRQHandler
                0x080075c8                DFSDM1_FLT3_IRQHandler
                0x080075c8                DMA1_Channel7_IRQHandler
                0x080075c8                CAN1_RX1_IRQHandler
                0x080075c8                LCD_IRQHandler
                0x080075c8                UART5_IRQHandler
                0x080075c8                ADC3_IRQHandler
                0x080075c8                TIM4_IRQHandler
                0x080075c8                DMA2_Channel1_IRQHandler
                0x080075c8                QUADSPI_IRQHandler
                0x080075c8                I2C1_EV_IRQHandler
                0x080075c8                DMA1_Channel6_IRQHandler
                0x080075c8                DMA2_Channel4_IRQHandler
                0x080075c8                TIM3_IRQHandler
                0x080075c8                RCC_IRQHandler
                0x080075c8                DMA1_Channel1_IRQHandler
                0x080075c8                Default_Handler
                0x080075c8                DMA2_Channel7_IRQHandler
                0x080075c8                EXTI15_10_IRQHandler
                0x080075c8                TIM7_IRQHandler
                0x080075c8                SDMMC1_IRQHandler
                0x080075c8                TIM5_IRQHandler
                0x080075c8                I2C3_EV_IRQHandler
                0x080075c8                EXTI9_5_IRQHandler
                0x080075c8                RTC_WKUP_IRQHandler
                0x080075c8                PVD_PVM_IRQHandler
                0x080075c8                SPI2_IRQHandler
                0x080075c8                CAN1_TX_IRQHandler
                0x080075c8                DMA2_Channel5_IRQHandler
                0x080075c8                DMA1_Channel5_IRQHandler
                0x080075c8                EXTI4_IRQHandler
                0x080075c8                RNG_IRQHandler
                0x080075c8                TIM1_TRG_COM_TIM17_IRQHandler
                0x080075c8                DMA1_Channel3_IRQHandler
                0x080075c8                COMP_IRQHandler
                0x080075c8                WWDG_IRQHandler
                0x080075c8                LPUART1_IRQHandler
                0x080075c8                DMA2_Channel6_IRQHandler
                0x080075c8                TIM2_IRQHandler
                0x080075c8                EXTI1_IRQHandler
                0x080075c8                DFSDM1_FLT0_IRQHandler
                0x080075c8                I2C2_ER_IRQHandler
                0x080075c8                DMA1_Channel2_IRQHandler
                0x080075c8                TIM8_BRK_IRQHandler
                0x080075c8                CAN1_SCE_IRQHandler
                0x080075c8                FLASH_IRQHandler
                0x080075c8                OTG_FS_IRQHandler
                0x080075c8                SPI3_IRQHandler
                0x080075c8                I2C1_ER_IRQHandler
                0x080075c8                FMC_IRQHandler
                0x080075c8                SWPMI1_IRQHandler
                0x080075c8                LPTIM1_IRQHandler
                0x080075c8                SAI1_IRQHandler
                0x080075c8                DMA2_Channel3_IRQHandler
                0x080075c8                TIM1_BRK_TIM15_IRQHandler
 *fill*         0x080075ca        0x2 
 .text.acosf    0x080075cc       0x58 C:/Users/alexi/AppData/Local/stm32cube/bundles/gnu-tools-for-stm32/14.3.1+st.2/bin/../lib/gcc/arm-none-eabi/14.3.1/../../../../arm-none-eabi/lib/thumb/v7e-m+fp/hard\libm.a(libm_a-wf_acos.o)
                0x080075cc                acosf
 .text.atan2f   0x08007624        0x4 C:/Users/alexi/AppData/Local/stm32cube/bundles/gnu-tools-for-stm32/14.3.1+st.2/bin/../lib/gcc/arm-none-eabi/14.3.1/../../../../arm-none-eabi/lib/thumb/v7e-m+fp/hard\libm.a(libm_a-wf_atan2.o)
                0x08007624                atan2f
 .text.sqrtf    0x08007628       0x44 C:/Users/alexi/AppData/Local/stm32cube/bundles/gnu-tools-for-stm32/14.3.1+st.2/bin/../lib/gcc/arm-none-eabi/14.3.1/../../../../arm-none-eabi/lib/thumb/v7e-m+fp/hard\libm.a(libm_a-wf_sqrt.o)
                0x08007628                sqrtf
 .text.cosf     0x0800766c       0x70 C:/Users/alexi/AppData/Local/stm32cube/bundles/gnu-tools-for-stm32/14.3.1+st.2/bin/../lib/gcc/arm-none-eabi/14.3.1/../../../../arm-none-eabi/lib/thumb/v7e-m+fp/hard\libm.a(libm_a-sf_cos.o)
                0x0800766c                cosf
 .text.fabsf    0x080076dc       0x10 C:/Users/alexi/AppData/Local/stm32cube/bundles/gnu-tools-for-stm32/14.3.1+st.2/bin/../lib/gcc/arm-none-eabi/14.3.1/../../../../arm-none-eabi/lib/thumb/v7e-m+fp/hard\libm.a(libm_a-sf_fabs.o)
                0x080076dc                fabsf
 .text.sinf     0x080076ec       0x74 C:/Users/alexi/AppData/Local/stm32cube/bundles/gnu-tools-for-stm32/14.3.1+st.2/bin/../lib/gcc/arm-none-eabi/14.3.1/../../../../arm-none-eabi/lib/thumb/v7e-m+fp/hard\libm.a(libm_a-sf_sin.o)
                0x080076ec                sinf
 .text.nanf     0x08007760        0xc C:/Users/alexi/AppData/Local/stm32cube/bundles/gnu-tools-for-stm32/14.3.1+st.2/bin/../lib/gcc/arm-none-eabi/14.3.1/../../../../arm-none-eabi/lib/thumb/v7e-m+fp/hard\libm.a(libm_a-sf_nan.o)
                0x08007760                nanf
 .text.__ieee754_sqrtf
                0x0800776c        0x8 C:/Users/alexi/AppData/Local/stm32cube/bundles/gnu-tools-for-stm32/14.3.1+st.2/bin/../lib/gcc/arm-none-eabi/14.3.1/../../../../arm-none-eabi/lib/thumb/v7e-m+fp/hard\libm.a(libm_a-ef_sqrt.o)
                0x0800776c                __ieee754_sqrtf
 .text.__kernel_cosf
                0x08007774      0x104 C:/Users/alexi/AppData/Local/stm32cube/bundles/gnu-tools-for-stm32/14.3.1+st.2/bin/../lib/gcc/arm-none-eabi/14.3.1/../../../../arm-none-eabi/lib/thumb/v7e-m+fp/hard\libm.a(libm_a-kf_cos.o)
                0x08007774                __kernel_cosf
 .text.__kernel_sinf
                0x08007878       0x90 C:/Users/alexi/AppData/Local/stm32cube/bundles/gnu-tools-for-stm32/14.3.1+st.2/bin/../lib/gcc/arm-none-eabi/14.3.1/../../../../arm-none-eabi/lib/thumb/v7e-m+fp/hard\libm.a(libm_a-kf_sin.o)
                0x08007878                __kernel_sinf
 .text.__ieee754_acosf
                0x08007908      0x248 C:/Users/alexi/AppData/Local/stm32cube/bundles/gnu-tools-for-stm32/14.3.1+st.2/bin/../lib/gcc/arm-none-eabi/14.3.1/../../../../arm-none-eabi/lib/thumb/v7e-m+fp/hard\libm.a(libm_a-ef_acos.o)
                0x08007908                __ieee754_acosf
 .text.__ieee754_atan2f
                0x08007b50      0x14c C:/Users/alexi/AppData/Local/stm32cube/bundles/gnu-tools-for-stm32/14.3.1+st.2/bin/../lib/gcc/arm-none-eabi/14.3.1/../../../../arm-none-eabi/lib/thumb/v7e-m+fp/hard\libm.a(libm_a-ef_atan2.o)
                0x08007b50                __ieee754_atan2f
 .text.__ieee754_rem_pio2f
                0x08007c9c      0x26c C:/Users/alexi/AppData/Local/stm32cube/bundles/gnu-tools-for-stm32/14.3.1+st.2/bin/../lib/gcc/arm-none-eabi/14.3.1/../../../../arm-none-eabi/lib/thumb/v7e-m+fp/hard\libm.a(libm_a-ef_rem_pio2.o)
                0x08007c9c                __ieee754_rem_pio2f
 .text.atanf    0x08007f08      0x1a4 C:/Users/alexi/AppData/Local/stm32cube/bundles/gnu-tools-for-stm32/14.3.1+st.2/bin/../lib/gcc/arm-none-eabi/14.3.1/../../../../arm-none-eabi/lib/thumb/v7e-m+fp/hard\libm.a(libm_a-sf_atan.o)
                0x08007f08                atanf
 .text.__kernel_rem_pio2f
                0x080080ac      0x68c C:/Users/alexi/AppData/Local/stm32cube/bundles/gnu-tools-for-stm32/14.3.1+st.2/bin/../lib/gcc/arm-none-eabi/14.3.1/../../../../arm-none-eabi/lib/thumb/v7e-m+fp/hard\libm.a(libm_a-kf_rem_pio2.o)
                0x080080ac                __kernel_rem_pio2f
 .text.scalbnf  0x08008738       0xdc C:/Users/alexi/AppData/Local/stm32cube/bundles/gnu-tools-for-stm32/14.3.1+st.2/bin/../lib/gcc/arm-none-eabi/14.3.1/../../../../arm-none-eabi/lib/thumb/v7e-m+fp/hard\libm.a(libm_a-sf_scalbn.o)
                0x08008738                scalbnf
 .text.floorf   0x08008814       0x94 C:/Users/alexi/AppData/Local/stm32cube/bundles/gnu-tools-for-stm32/14.3.1+st.2/bin/../lib/gcc/arm-none-eabi/14.3.1/../../../../arm-none-eabi/lib/thumb/v7e-m+fp/hard\libm.a(libm_a-sf_floor.o)
                0x08008814                floorf
 .text.__cvt    0x080088a8       0xca C:/Users/alexi/AppData/Local/stm32cube/bundles/gnu-tools-for-stm32/14.3.1+st.2/bin/../lib/gcc/arm-none-eabi/14.3.1/../../../../arm-none-eabi/lib/thumb/v7e-m+fp/hard\libg_nano.a(libc_a-nano-vfprintf_float.o)
                0x080088a8                __cvt
 .text.__exponent
                0x08008972       0x74 C:/Users/alexi/AppData/Local/stm32cube/bundles/gnu-tools-for-stm32/14.3.1+st.2/bin/../lib/gcc/arm-none-eabi/14.3.1/../../../../arm-none-eabi/lib/thumb/v7e-m+fp/hard\libg_nano.a(libc_a-nano-vfprintf_float.o)
                0x08008972                __exponent
 *fill*         0x080089e6        0x2 
 .text._printf_float
                0x080089e8      0x450 C:/Users/alexi/AppData/Local/stm32cube/bundles/gnu-tools-for-stm32/14.3.1+st.2/bin/../lib/gcc/arm-none-eabi/14.3.1/../../../../arm-none-eabi/lib/thumb/v7e-m+fp/hard\libg_nano.a(libc_a-nano-vfprintf_float.o)
                0x080089e8                _printf_float
 .text._printf_common
                0x08008e38       0xda C:/Users/alexi/AppData/Local/stm32cube/bundles/gnu-tools-for-stm32/14.3.1+st.2/bin/../lib/gcc/arm-none-eabi/14.3.1/../../../../arm-none-eabi/lib/thumb/v7e-m+fp/hard\libg_nano.a(libc_a-nano-vfprintf_i.o)
                0x08008e38                _printf_common
 *fill*         0x08008f12        0x2 
 .text._printf_i
                0x08008f14      0x24c C:/Users/alexi/AppData/Local/stm32cube/bundles/gnu-tools-for-stm32/14.3.1+st.2/bin/../lib/gcc/arm-none-eabi/14.3.1/../../../../arm-none-eabi/lib/thumb/v7e-m+fp/hard\libg_nano.a(libc_a-nano-vfprintf_i.o)
                0x08008f14                _printf_i
 .text.std      0x08009160       0x6c C:/Users/alexi/AppData/Local/stm32cube/bundles/gnu-tools-for-stm32/14.3.1+st.2/bin/../lib/gcc/arm-none-eabi/14.3.1/../../../../arm-none-eabi/lib/thumb/v7e-m+fp/hard\libg_nano.a(libc_a-findfp.o)
 .text.stdio_exit_handler
                0x080091cc       0x18 C:/Users/alexi/AppData/Local/stm32cube/bundles/gnu-tools-for-stm32/14.3.1+st.2/bin/../lib/gcc/arm-none-eabi/14.3.1/../../../../arm-none-eabi/lib/thumb/v7e-m+fp/hard\libg_nano.a(libc_a-findfp.o)
 .text.cleanup_stdio
                0x080091e4       0x40 C:/Users/alexi/AppData/Local/stm32cube/bundles/gnu-tools-for-stm32/14.3.1+st.2/bin/../lib/gcc/arm-none-eabi/14.3.1/../../../../arm-none-eabi/lib/thumb/v7e-m+fp/hard\libg_nano.a(libc_a-findfp.o)
 .text.global_stdio_init.part.0
                0x08009224       0x40 C:/Users/alexi/AppData/Local/stm32cube/bundles/gnu-tools-for-stm32/14.3.1+st.2/bin/../lib/gcc/arm-none-eabi/14.3.1/../../../../arm-none-eabi/lib/thumb/v7e-m+fp/hard\libg_nano.a(libc_a-findfp.o)
 .text.__sfp_lock_acquire
                0x08009264        0xc C:/Users/alexi/AppData/Local/stm32cube/bundles/gnu-tools-for-stm32/14.3.1+st.2/bin/../lib/gcc/arm-none-eabi/14.3.1/../../../../arm-none-eabi/lib/thumb/v7e-m+fp/hard\libg_nano.a(libc_a-findfp.o)
                0x08009264                __sfp_lock_acquire
 .text.__sfp_lock_release
                0x08009270        0xc C:/Users/alexi/AppData/Local/stm32cube/bundles/gnu-tools-for-stm32/14.3.1+st.2/bin/../lib/gcc/arm-none-eabi/14.3.1/../../../../arm-none-eabi/lib/thumb/v7e-m+fp/hard\libg_nano.a(libc_a-findfp.o)
                0x08009270                __sfp_lock_release
 .text.__sinit  0x0800927c       0x30 C:/Users/alexi/AppData/Local/stm32cube/bundles/gnu-tools-for-stm32/14.3.1+st.2/bin/../lib/gcc/arm-none-eabi/14.3.1/../../../../arm-none-eabi/lib/thumb/v7e-m+fp/hard\libg_nano.a(libc_a-findfp.o)
                0x0800927c                __sinit
 .text._fwalk_sglue
                0x080092ac       0x3c C:/Users/alexi/AppData/Local/stm32cube/bundles/gnu-tools-for-stm32/14.3.1+st.2/bin/../lib/gcc/arm-none-eabi/14.3.1/../../../../arm-none-eabi/lib/thumb/v7e-m+fp/hard\libg_nano.a(libc_a-fwalk.o)
                0x080092ac                _fwalk_sglue
 .text.sprintf  0x080092e8       0x44 C:/Users/alexi/AppData/Local/stm32cube/bundles/gnu-tools-for-stm32/14.3.1+st.2/bin/../lib/gcc/arm-none-eabi/14.3.1/../../../../arm-none-eabi/lib/thumb/v7e-m+fp/hard\libg_nano.a(libc_a-sprintf.o)
                0x080092e8                siprintf
                0x080092e8                sprintf
 .text.__sread  0x0800932c       0x22 C:/Users/alexi/AppData/Local/stm32cube/bundles/gnu-tools-for-stm32/14.3.1+st.2/bin/../lib/gcc/arm-none-eabi/14.3.1/../../../../arm-none-eabi/lib/thumb/v7e-m+fp/hard\libg_nano.a(libc_a-stdio.o)
                0x0800932c                __sread
 .text.__swrite
                0x0800934e       0x38 C:/Users/alexi/AppData/Local/stm32cube/bundles/gnu-tools-for-stm32/14.3.1+st.2/bin/../lib/gcc/arm-none-eabi/14.3.1/../../../../arm-none-eabi/lib/thumb/v7e-m+fp/hard\libg_nano.a(libc_a-stdio.o)
                0x0800934e                __swrite
 .text.__sseek  0x08009386       0x26 C:/Users/alexi/AppData/Local/stm32cube/bundles/gnu-tools-for-stm32/14.3.1+st.2/bin/../lib/gcc/arm-none-eabi/14.3.1/../../../../arm-none-eabi/lib/thumb/v7e-m+fp/hard\libg_nano.a(libc_a-stdio.o)
                0x08009386                __sseek
 .text.__sclose
                0x080093ac        0x8 C:/Users/alexi/AppData/Local/stm32cube/bundles/gnu-tools-for-stm32/14.3.1+st.2/bin/../lib/gcc/arm-none-eabi/14.3.1/../../../../arm-none-eabi/lib/thumb/v7e-m+fp/hard\libg_nano.a(libc_a-stdio.o)
                0x080093ac                __sclose
 .text.memset   0x080093b4       0x10 C:/Users/alexi/AppData/Local/stm32cube/bundles/gnu-tools-for-stm32/14.3.1+st.2/bin/../lib/gcc/arm-none-eabi/14.3.1/../../../../arm-none-eabi/lib/thumb/v7e-m+fp/hard\libg_nano.a(libc_a-memset.o)
                0x080093b4                memset
 .text._localeconv_r
                0x080093c4        0x8 C:/Users/alexi/AppData/Local/stm32cube/bundles/gnu-tools-for-stm32/14.3.1+st.2/bin/../lib/gcc/arm-none-eabi/14.3.1/../../../../arm-none-eabi/lib/thumb/v7e-m+fp/hard\libg_nano.a(libc_a-localeconv.o)
                0x080093c4                _localeconv_r
 .text._close_r
                0x080093cc       0x20 C:/Users/alexi/AppData/Local/stm32cube/bundles/gnu-tools-for-stm32/14.3.1+st.2/bin/../lib/gcc/arm-none-eabi/14.3.1/../../../../arm-none-eabi/lib/thumb/v7e-m+fp/hard\libg_nano.a(libc_a-closer.o)
                0x080093cc                _close_r
 .text._lseek_r
                0x080093ec       0x24 C:/Users/alexi/AppData/Local/stm32cube/bundles/gnu-tools-for-stm32/14.3.1+st.2/bin/../lib/gcc/arm-none-eabi/14.3.1/../../../../arm-none-eabi/lib/thumb/v7e-m+fp/hard\libg_nano.a(libc_a-lseekr.o)
                0x080093ec                _lseek_r
 .text._read_r  0x08009410       0x24 C:/Users/alexi/AppData/Local/stm32cube/bundles/gnu-tools-for-stm32/14.3.1+st.2/bin/../lib/gcc/arm-none-eabi/14.3.1/../../../../arm-none-eabi/lib/thumb/v7e-m+fp/hard\libg_nano.a(libc_a-readr.o)
                0x08009410                _read_r
 .text._write_r
                0x08009434       0x24 C:/Users/alexi/AppData/Local/stm32cube/bundles/gnu-tools-for-stm32/14.3.1+st.2/bin/../lib/gcc/arm-none-eabi/14.3.1/../../../../arm-none-eabi/lib/thumb/v7e-m+fp/hard\libg_nano.a(libc_a-writer.o)
                0x08009434                _write_r
 .text.__errno  0x08009458        0xc C:/Users/alexi/AppData/Local/stm32cube/bundles/gnu-tools-for-stm32/14.3.1+st.2/bin/../lib/gcc/arm-none-eabi/14.3.1/../../../../arm-none-eabi/lib/thumb/v7e-m+fp/hard\libg_nano.a(libc_a-errno.o)
                0x08009458                __errno
 .text.__libc_init_array
                0x08009464       0x48 C:/Users/alexi/AppData/Local/stm32cube/bundles/gnu-tools-for-stm32/14.3.1+st.2/bin/../lib/gcc/arm-none-eabi/14.3.1/../../../../arm-none-eabi/lib/thumb/v7e-m+fp/hard\libg_nano.a(libc_a-init.o)
                0x08009464                __libc_init_array
 .text.__retarget_lock_init_recursive
                0x080094ac        0x2 C:/Users/alexi/AppData/Local/stm32cube/bundles/gnu-tools-for-stm32/14.3.1+st.2/bin/../lib/gcc/arm-none-eabi/14.3.1/../../../../arm-none-eabi/lib/thumb/v7e-m+fp/hard\libg_nano.a(libc_a-lock.o)
                0x080094ac                __retarget_lock_init_recursive
 .text.__retarget_lock_acquire_recursive
                0x080094ae        0x2 C:/Users/alexi/AppData/Local/stm32cube/bundles/gnu-tools-for-stm32/14.3.1+st.2/bin/../lib/gcc/arm-none-eabi/14.3.1/../../../../arm-none-eabi/lib/thumb/v7e-m+fp/hard\libg_nano.a(libc_a-lock.o)
                0x080094ae                __retarget_lock_acquire_recursive
 .text.__retarget_lock_release_recursive
                0x080094b0        0x2 C:/Users/alexi/AppData/Local/stm32cube/bundles/gnu-tools-for-stm32/14.3.1+st.2/bin/../lib/gcc/arm-none-eabi/14.3.1/../../../../arm-none-eabi/lib/thumb/v7e-m+fp/hard\libg_nano.a(libc_a-lock.o)
                0x080094b0                __retarget_lock_release_recursive
 .text.memcpy   0x080094b2       0x1c C:/Users/alexi/AppData/Local/stm32cube/bundles/gnu-tools-for-stm32/14.3.1+st.2/bin/../lib/gcc/arm-none-eabi/14.3.1/../../../../arm-none-eabi/lib/thumb/v7e-m+fp/hard\libg_nano.a(libc_a-memcpy-stub.o)
                0x080094b2                memcpy
 .text.quorem   0x080094ce      0x110 C:/Users/alexi/AppData/Local/stm32cube/bundles/gnu-tools-for-stm32/14.3.1+st.2/bin/../lib/gcc/arm-none-eabi/14.3.1/../../../../arm-none-eabi/lib/thumb/v7e-m+fp/hard\libg_nano.a(libc_a-dtoa.o)
 *fill*         0x080095de        0x2 
 .text._dtoa_r  0x080095e0      0xbb8 C:/Users/alexi/AppData/Local/stm32cube/bundles/gnu-tools-for-stm32/14.3.1+st.2/bin/../lib/gcc/arm-none-eabi/14.3.1/../../../../arm-none-eabi/lib/thumb/v7e-m+fp/hard\libg_nano.a(libc_a-dtoa.o)
                0x080095e0                _dtoa_r
 .text._free_r  0x0800a198       0x94 C:/Users/alexi/AppData/Local/stm32cube/bundles/gnu-tools-for-stm32/14.3.1+st.2/bin/../lib/gcc/arm-none-eabi/14.3.1/../../../../arm-none-eabi/lib/thumb/v7e-m+fp/hard\libg_nano.a(libc_a-freer.o)
                0x0800a198                _free_r
 .text.malloc   0x0800a22c       0x10 C:/Users/alexi/AppData/Local/stm32cube/bundles/gnu-tools-for-stm32/14.3.1+st.2/bin/../lib/gcc/arm-none-eabi/14.3.1/../../../../arm-none-eabi/lib/thumb/v7e-m+fp/hard\libg_nano.a(libc_a-malloc.o)
                0x0800a22c                malloc
 .text.sbrk_aligned
                0x0800a23c       0x44 C:/Users/alexi/AppData/Local/stm32cube/bundles/gnu-tools-for-stm32/14.3.1+st.2/bin/../lib/gcc/arm-none-eabi/14.3.1/../../../../arm-none-eabi/lib/thumb/v7e-m+fp/hard\libg_nano.a(libc_a-mallocr.o)
 .text._malloc_r
                0x0800a280      0x100 C:/Users/alexi/AppData/Local/stm32cube/bundles/gnu-tools-for-stm32/14.3.1+st.2/bin/../lib/gcc/arm-none-eabi/14.3.1/../../../../arm-none-eabi/lib/thumb/v7e-m+fp/hard\libg_nano.a(libc_a-mallocr.o)
                0x0800a280                _malloc_r
 .text.__malloc_lock
                0x0800a380        0xc C:/Users/alexi/AppData/Local/stm32cube/bundles/gnu-tools-for-stm32/14.3.1+st.2/bin/../lib/gcc/arm-none-eabi/14.3.1/../../../../arm-none-eabi/lib/thumb/v7e-m+fp/hard\libg_nano.a(libc_a-mlock.o)
                0x0800a380                __malloc_lock
 .text.__malloc_unlock
                0x0800a38c        0xc C:/Users/alexi/AppData/Local/stm32cube/bundles/gnu-tools-for-stm32/14.3.1+st.2/bin/../lib/gcc/arm-none-eabi/14.3.1/../../../../arm-none-eabi/lib/thumb/v7e-m+fp/hard\libg_nano.a(libc_a-mlock.o)
                0x0800a38c                __malloc_unlock
 .text._Balloc  0x0800a398       0x7c C:/Users/alexi/AppData/Local/stm32cube/bundles/gnu-tools-for-stm32/14.3.1+st.2/bin/../lib/gcc/arm-none-eabi/14.3.1/../../../../arm-none-eabi/lib/thumb/v7e-m+fp/hard\libg_nano.a(libc_a-mprec.o)
                0x0800a398                _Balloc
 .text._Bfree   0x0800a414       0x44 C:/Users/alexi/AppData/Local/stm32cube/bundles/gnu-tools-for-stm32/14.3.1+st.2/bin/../lib/gcc/arm-none-eabi/14.3.1/../../../../arm-none-eabi/lib/thumb/v7e-m+fp/hard\libg_nano.a(libc_a-mprec.o)
                0x0800a414                _Bfree
 .text.__multadd
                0x0800a458       0x8c C:/Users/alexi/AppData/Local/stm32cube/bundles/gnu-tools-for-stm32/14.3.1+st.2/bin/../lib/gcc/arm-none-eabi/14.3.1/../../../../arm-none-eabi/lib/thumb/v7e-m+fp/hard\libg_nano.a(libc_a-mprec.o)
                0x0800a458                __multadd
 .text.__hi0bits
                0x0800a4e4       0x3e C:/Users/alexi/AppData/Local/stm32cube/bundles/gnu-tools-for-stm32/14.3.1+st.2/bin/../lib/gcc/arm-none-eabi/14.3.1/../../../../arm-none-eabi/lib/thumb/v7e-m+fp/hard\libg_nano.a(libc_a-mprec.o)
                0x0800a4e4                __hi0bits
 .text.__lo0bits
                0x0800a522       0x5a C:/Users/alexi/AppData/Local/stm32cube/bundles/gnu-tools-for-stm32/14.3.1+st.2/bin/../lib/gcc/arm-none-eabi/14.3.1/../../../../arm-none-eabi/lib/thumb/v7e-m+fp/hard\libg_nano.a(libc_a-mprec.o)
                0x0800a522                __lo0bits
 .text.__i2b    0x0800a57c       0x2c C:/Users/alexi/AppData/Local/stm32cube/bundles/gnu-tools-for-stm32/14.3.1+st.2/bin/../lib/gcc/arm-none-eabi/14.3.1/../../../../arm-none-eabi/lib/thumb/v7e-m+fp/hard\libg_nano.a(libc_a-mprec.o)
                0x0800a57c                __i2b
 .text.__multiply
                0x0800a5a8      0x154 C:/Users/alexi/AppData/Local/stm32cube/bundles/gnu-tools-for-stm32/14.3.1+st.2/bin/../lib/gcc/arm-none-eabi/14.3.1/../../../../arm-none-eabi/lib/thumb/v7e-m+fp/hard\libg_nano.a(libc_a-mprec.o)
                0x0800a5a8                __multiply
 .text.__pow5mult
                0x0800a6fc       0xb8 C:/Users/alexi/AppData/Local/stm32cube/bundles/gnu-tools-for-stm32/14.3.1+st.2/bin/../lib/gcc/arm-none-eabi/14.3.1/../../../../arm-none-eabi/lib/thumb/v7e-m+fp/hard\libg_nano.a(libc_a-mprec.o)
                0x0800a6fc                __pow5mult
 .text.__lshift
                0x0800a7b4       0xdc C:/Users/alexi/AppData/Local/stm32cube/bundles/gnu-tools-for-stm32/14.3.1+st.2/bin/../lib/gcc/arm-none-eabi/14.3.1/../../../../arm-none-eabi/lib/thumb/v7e-m+fp/hard\libg_nano.a(libc_a-mprec.o)
                0x0800a7b4                __lshift
 .text.__mcmp   0x0800a890       0x36 C:/Users/alexi/AppData/Local/stm32cube/bundles/gnu-tools-for-stm32/14.3.1+st.2/bin/../lib/gcc/arm-none-eabi/14.3.1/../../../../arm-none-eabi/lib/thumb/v7e-m+fp/hard\libg_nano.a(libc_a-mprec.o)
                0x0800a890                __mcmp
 *fill*         0x0800a8c6        0x2 
 .text.__mdiff  0x0800a8c8      0x130 C:/Users/alexi/AppData/Local/stm32cube/bundles/gnu-tools-for-stm32/14.3.1+st.2/bin/../lib/gcc/arm-none-eabi/14.3.1/../../../../arm-none-eabi/lib/thumb/v7e-m+fp/hard\libg_nano.a(libc_a-mprec.o)
                0x0800a8c8                __mdiff
 .text.__d2b    0x0800a9f8       0xb0 C:/Users/alexi/AppData/Local/stm32cube/bundles/gnu-tools-for-stm32/14.3.1+st.2/bin/../lib/gcc/arm-none-eabi/14.3.1/../../../../arm-none-eabi/lib/thumb/v7e-m+fp/hard\libg_nano.a(libc_a-mprec.o)
                0x0800a9f8                __d2b
 .text.__ssputs_r
                0x0800aaa8       0xc0 C:/Users/alexi/AppData/Local/stm32cube/bundles/gnu-tools-for-stm32/14.3.1+st.2/bin/../lib/gcc/arm-none-eabi/14.3.1/../../../../arm-none-eabi/lib/thumb/v7e-m+fp/hard\libg_nano.a(libc_a-nano-svfprintf.o)
                0x0800aaa8                __ssputs_r
 .text._svfprintf_r
                0x0800ab68      0x1f0 C:/Users/alexi/AppData/Local/stm32cube/bundles/gnu-tools-for-stm32/14.3.1+st.2/bin/../lib/gcc/arm-none-eabi/14.3.1/../../../../arm-none-eabi/lib/thumb/v7e-m+fp/hard\libg_nano.a(libc_a-nano-svfprintf.o)
                0x0800ab68                _svfiprintf_r
                0x0800ab68                _svfprintf_r
 .text.__sflush_r
                0x0800ad58      0x104 C:/Users/alexi/AppData/Local/stm32cube/bundles/gnu-tools-for-stm32/14.3.1+st.2/bin/../lib/gcc/arm-none-eabi/14.3.1/../../../../arm-none-eabi/lib/thumb/v7e-m+fp/hard\libg_nano.a(libc_a-fflush.o)
                0x0800ad58                __sflush_r
 .text._fflush_r
                0x0800ae5c       0x50 C:/Users/alexi/AppData/Local/stm32cube/bundles/gnu-tools-for-stm32/14.3.1+st.2/bin/../lib/gcc/arm-none-eabi/14.3.1/../../../../arm-none-eabi/lib/thumb/v7e-m+fp/hard\libg_nano.a(libc_a-fflush.o)
                0x0800ae5c                _fflush_r
 .text.memmove  0x0800aeac       0x32 C:/Users/alexi/AppData/Local/stm32cube/bundles/gnu-tools-for-stm32/14.3.1+st.2/bin/../lib/gcc/arm-none-eabi/14.3.1/../../../../arm-none-eabi/lib/thumb/v7e-m+fp/hard\libg_nano.a(libc_a-memmove.o)
                0x0800aeac                memmove
 *fill*         0x0800aede        0x2 
 .text._sbrk_r  0x0800aee0       0x20 C:/Users/alexi/AppData/Local/stm32cube/bundles/gnu-tools-for-stm32/14.3.1+st.2/bin/../lib/gcc/arm-none-eabi/14.3.1/../../../../arm-none-eabi/lib/thumb/v7e-m+fp/hard\libg_nano.a(libc_a-sbrkr.o)
                0x0800aee0                _sbrk_r
 .text.__assert_func
                0x0800af00       0x3c C:/Users/alexi/AppData/Local/stm32cube/bundles/gnu-tools-for-stm32/14.3.1+st.2/bin/../lib/gcc/arm-none-eabi/14.3.1/../../../../arm-none-eabi/lib/thumb/v7e-m+fp/hard\libg_nano.a(libc_a-assert.o)
                0x0800af00                __assert_func
 .text._calloc_r
                0x0800af3c       0x28 C:/Users/alexi/AppData/Local/stm32cube/bundles/gnu-tools-for-stm32/14.3.1+st.2/bin/../lib/gcc/arm-none-eabi/14.3.1/../../../../arm-none-eabi/lib/thumb/v7e-m+fp/hard\libg_nano.a(libc_a-callocr.o)
                0x0800af3c                _calloc_r
 .text.__ascii_mbtowc
                0x0800af64       0x24 C:/Users/alexi/AppData/Local/stm32cube/bundles/gnu-tools-for-stm32/14.3.1+st.2/bin/../lib/gcc/arm-none-eabi/14.3.1/../../../../arm-none-eabi/lib/thumb/v7e-m+fp/hard\libg_nano.a(libc_a-mbtowc_r.o)
                0x0800af64                __ascii_mbtowc
 .text._realloc_r
                0x0800af88       0x5c C:/Users/alexi/AppData/Local/stm32cube/bundles/gnu-tools-for-stm32/14.3.1+st.2/bin/../lib/gcc/arm-none-eabi/14.3.1/../../../../arm-none-eabi/lib/thumb/v7e-m+fp/hard\libg_nano.a(libc_a-reallocr.o)
                0x0800af88                _realloc_r
 .text.__ascii_wctomb
                0x0800afe4       0x1a C:/Users/alexi/AppData/Local/stm32cube/bundles/gnu-tools-for-stm32/14.3.1+st.2/bin/../lib/gcc/arm-none-eabi/14.3.1/../../../../arm-none-eabi/lib/thumb/v7e-m+fp/hard\libg_nano.a(libc_a-wctomb_r.o)
                0x0800afe4                __ascii_wctomb
 *fill*         0x0800affe        0x2 
 .text.fprintf  0x0800b000       0x24 C:/Users/alexi/AppData/Local/stm32cube/bundles/gnu-tools-for-stm32/14.3.1+st.2/bin/../lib/gcc/arm-none-eabi/14.3.1/../../../../arm-none-eabi/lib/thumb/v7e-m+fp/hard\libg_nano.a(libc_a-fprintf.o)
                0x0800b000                fiprintf
                0x0800b000                fprintf
 .text.abort    0x0800b024        0xe C:/Users/alexi/AppData/Local/stm32cube/bundles/gnu-tools-for-stm32/14.3.1+st.2/bin/../lib/gcc/arm-none-eabi/14.3.1/../../../../arm-none-eabi/lib/thumb/v7e-m+fp/hard\libg_nano.a(libc_a-abort.o)
                0x0800b024                abort
 .text._malloc_usable_size_r
                0x0800b032       0x10 C:/Users/alexi/AppData/Local/stm32cube/bundles/gnu-tools-for-stm32/14.3.1+st.2/bin/../lib/gcc/arm-none-eabi/14.3.1/../../../../arm-none-eabi/lib/thumb/v7e-m+fp/hard\libg_nano.a(libc_a-msizer.o)
                0x0800b032                _malloc_usable_size_r
 .text.__sfputc_r
                0x0800b042       0x2e C:/Users/alexi/AppData/Local/stm32cube/bundles/gnu-tools-for-stm32/14.3.1+st.2/bin/../lib/gcc/arm-none-eabi/14.3.1/../../../../arm-none-eabi/lib/thumb/v7e-m+fp/hard\libg_nano.a(libc_a-nano-vfprintf.o)
 .text.__sfputs_r
                0x0800b070       0x24 C:/Users/alexi/AppData/Local/stm32cube/bundles/gnu-tools-for-stm32/14.3.1+st.2/bin/../lib/gcc/arm-none-eabi/14.3.1/../../../../arm-none-eabi/lib/thumb/v7e-m+fp/hard\libg_nano.a(libc_a-nano-vfprintf.o)
                0x0800b070                __sfputs_r
 .text._vfprintf_r
                0x0800b094      0x228 C:/Users/alexi/AppData/Local/stm32cube/bundles/gnu-tools-for-stm32/14.3.1+st.2/bin/../lib/gcc/arm-none-eabi/14.3.1/../../../../arm-none-eabi/lib/thumb/v7e-m+fp/hard\libg_nano.a(libc_a-nano-vfprintf.o)
                0x0800b094                _vfprintf_r
                0x0800b094                _vfiprintf_r
 .text.__swbuf_r
                0x0800b2bc       0x7c C:/Users/alexi/AppData/Local/stm32cube/bundles/gnu-tools-for-stm32/14.3.1+st.2/bin/../lib/gcc/arm-none-eabi/14.3.1/../../../../arm-none-eabi/lib/thumb/v7e-m+fp/hard\libg_nano.a(libc_a-wbuf.o)
                0x0800b2bc                __swbuf_r
 .text.__swsetup_r
                0x0800b338       0xa8 C:/Users/alexi/AppData/Local/stm32cube/bundles/gnu-tools-for-stm32/14.3.1+st.2/bin/../lib/gcc/arm-none-eabi/14.3.1/../../../../arm-none-eabi/lib/thumb/v7e-m+fp/hard\libg_nano.a(libc_a-wsetup.o)
                0x0800b338                __swsetup_r
 .text._raise_r
                0x0800b3e0       0x50 C:/Users/alexi/AppData/Local/stm32cube/bundles/gnu-tools-for-stm32/14.3.1+st.2/bin/../lib/gcc/arm-none-eabi/14.3.1/../../../../arm-none-eabi/lib/thumb/v7e-m+fp/hard\libg_nano.a(libc_a-signal.o)
                0x0800b3e0                _raise_r
 .text.raise    0x0800b430       0x10 C:/Users/alexi/AppData/Local/stm32cube/bundles/gnu-tools-for-stm32/14.3.1+st.2/bin/../lib/gcc/arm-none-eabi/14.3.1/../../../../arm-none-eabi/lib/thumb/v7e-m+fp/hard\libg_nano.a(libc_a-signal.o)
                0x0800b430                raise
 .text._kill_r  0x0800b440       0x24 C:/Users/alexi/AppData/Local/stm32cube/bundles/gnu-tools-for-stm32/14.3.1+st.2/bin/../lib/gcc/arm-none-eabi/14.3.1/../../../../arm-none-eabi/lib/thumb/v7e-m+fp/hard\libg_nano.a(libc_a-signalr.o)
                0x0800b440                _kill_r
 .text._getpid_r
                0x0800b464        0x4 C:/Users/alexi/AppData/Local/stm32cube/bundles/gnu-tools-for-stm32/14.3.1+st.2/bin/../lib/gcc/arm-none-eabi/14.3.1/../../../../arm-none-eabi/lib/thumb/v7e-m+fp/hard\libg_nano.a(libc_a-signalr.o)
                0x0800b464                _getpid_r
 .text.__swhatbuf_r
                0x0800b468       0x48 C:/Users/alexi/AppData/Local/stm32cube/bundles/gnu-tools-for-stm32/14.3.1+st.2/bin/../lib/gcc/arm-none-eabi/14.3.1/../../../../arm-none-eabi/lib/thumb/v7e-m+fp/hard\libg_nano.a(libc_a-makebuf.o)
                0x0800b468                __swhatbuf_r
 .text.__smakebuf_r
                0x0800b4b0       0x72 C:/Users/alexi/AppData/Local/stm32cube/bundles/gnu-tools-for-stm32/14.3.1+st.2/bin/../lib/gcc/arm-none-eabi/14.3.1/../../../../arm-none-eabi/lib/thumb/v7e-m+fp/hard\libg_nano.a(libc_a-makebuf.o)
                0x0800b4b0                __smakebuf_r
 *fill*         0x0800b522        0x2 
 .text._fstat_r
                0x0800b524       0x24 C:/Users/alexi/AppData/Local/stm32cube/bundles/gnu-tools-for-stm32/14.3.1+st.2/bin/../lib/gcc/arm-none-eabi/14.3.1/../../../../arm-none-eabi/lib/thumb/v7e-m+fp/hard\libg_nano.a(libc_a-fstatr.o)
                0x0800b524                _fstat_r
 .text._isatty_r
                0x0800b548       0x20 C:/Users/alexi/AppData/Local/stm32cube/bundles/gnu-tools-for-stm32/14.3.1+st.2/bin/../lib/gcc/arm-none-eabi/14.3.1/../../../../arm-none-eabi/lib/thumb/v7e-m+fp/hard\libg_nano.a(libc_a-isattyr.o)
                0x0800b548                _isatty_r
 *(.glue_7)
 .glue_7        0x0800b568        0x0 linker stubs
 *(.glue_7t)
 .glue_7t       0x0800b568        0x0 linker stubs
 *(.eh_frame)
 .eh_frame      0x0800b568        0x0 C:/Users/alexi/AppData/Local/stm32cube/bundles/gnu-tools-for-stm32/14.3.1+st.2/bin/../lib/gcc/arm-none-eabi/14.3.1/thumb/v7e-m+fp/hard/crtbegin.o
 *(.init)
 .init          0x0800b568        0x4 C:/Users/alexi/AppData/Local/stm32cube/bundles/gnu-tools-for-stm32/14.3.1+st.2/bin/../lib/gcc/arm-none-eabi/14.3.1/thumb/v7e-m+fp/hard/crti.o
                0x0800b568                _init
 .init          0x0800b56c        0x8 C:/Users/alexi/AppData/Local/stm32cube/bundles/gnu-tools-for-stm32/14.3.1+st.2/bin/../lib/gcc/arm-none-eabi/14.3.1/thumb/v7e-m+fp/hard/crtn.o
 *(.fini)
 .fini          0x0800b574        0x4 C:/Users/alexi/AppData/Local/stm32cube/bundles/gnu-tools-for-stm32/14.3.1+st.2/bin/../lib/gcc/arm-none-eabi/14.3.1/thumb/v7e-m+fp/hard/crti.o
                0x0800b574                _fini
 .fini          0x0800b578        0x8 C:/Users/alexi/AppData/Local/stm32cube/bundles/gnu-tools-for-stm32/14.3.1+st.2/bin/../lib/gcc/arm-none-eabi/14.3.1/thumb/v7e-m+fp/hard/crtn.o
                0x0800b580                        . = ALIGN (0x8)
                0x0800b580                        _etext = .

.vfp11_veneer   0x0800b580        0x0
 .vfp11_veneer  0x0800b580        0x0 linker stubs

.v4_bx          0x0800b580        0x0
 .v4_bx         0x0800b580        0x0 linker stubs

.iplt           0x0800b580        0x0
 .iplt          0x0800b580        0x0 C:/Users/alexi/AppData/Local/stm32cube/bundles/gnu-tools-for-stm32/14.3.1+st.2/bin/../lib/gcc/arm-none-eabi/14.3.1/thumb/v7e-m+fp/hard/crtbegin.o

.rodata         0x0800b580      0x7f8
                0x0800b580                        . = ALIGN (0x8)
 *(.rodata)
 .rodata        0x0800b580       0x29 CMakeFiles/TEST_L476RG.dir/Core/Src/main.c.obj
 *(.rodata*)
 *fill*         0x0800b5a9        0x3 
 .rodata.AHBPrescTable
                0x0800b5ac       0x10 cmake/stm32cubemx/CMakeFiles/STM32_Drivers.dir/__/__/Core/Src/system_stm32l4xx.c.obj
                0x0800b5ac                AHBPrescTable
 .rodata.APBPrescTable
                0x0800b5bc        0x8 cmake/stm32cubemx/CMakeFiles/STM32_Drivers.dir/__/__/Core/Src/system_stm32l4xx.c.obj
                0x0800b5bc                APBPrescTable
 .rodata.MSIRangeTable
                0x0800b5c4       0x30 cmake/stm32cubemx/CMakeFiles/STM32_Drivers.dir/__/__/Core/Src/system_stm32l4xx.c.obj
                0x0800b5c4                MSIRangeTable
 .rodata.acosf.str1.4
                0x0800b5f4        0x1 C:/Users/alexi/AppData/Local/stm32cube/bundles/gnu-tools-for-stm32/14.3.1+st.2/bin/../lib/gcc/arm-none-eabi/14.3.1/../../../../arm-none-eabi/lib/thumb/v7e-m+fp/hard\libm.a(libm_a-wf_acos.o)
 *fill*         0x0800b5f5        0x3 
 .rodata.CSWTCH.9
                0x0800b5f8        0xc C:/Users/alexi/AppData/Local/stm32cube/bundles/gnu-tools-for-stm32/14.3.1+st.2/bin/../lib/gcc/arm-none-eabi/14.3.1/../../../../arm-none-eabi/lib/thumb/v7e-m+fp/hard\libm.a(libm_a-ef_atan2.o)
 .rodata.CSWTCH.8
                0x0800b604        0xc C:/Users/alexi/AppData/Local/stm32cube/bundles/gnu-tools-for-stm32/14.3.1+st.2/bin/../lib/gcc/arm-none-eabi/14.3.1/../../../../arm-none-eabi/lib/thumb/v7e-m+fp/hard\libm.a(libm_a-ef_atan2.o)
 .rodata.npio2_hw
                0x0800b610       0x80 C:/Users/alexi/AppData/Local/stm32cube/bundles/gnu-tools-for-stm32/14.3.1+st.2/bin/../lib/gcc/arm-none-eabi/14.3.1/../../../../arm-none-eabi/lib/thumb/v7e-m+fp/hard\libm.a(libm_a-ef_rem_pio2.o)
 .rodata.two_over_pi
                0x0800b690      0x318 C:/Users/alexi/AppData/Local/stm32cube/bundles/gnu-tools-for-stm32/14.3.1+st.2/bin/../lib/gcc/arm-none-eabi/14.3.1/../../../../arm-none-eabi/lib/thumb/v7e-m+fp/hard\libm.a(libm_a-ef_rem_pio2.o)
 .rodata.atanlo
                0x0800b9a8       0x10 C:/Users/alexi/AppData/Local/stm32cube/bundles/gnu-tools-for-stm32/14.3.1+st.2/bin/../lib/gcc/arm-none-eabi/14.3.1/../../../../arm-none-eabi/lib/thumb/v7e-m+fp/hard\libm.a(libm_a-sf_atan.o)
 .rodata.atanhi
                0x0800b9b8       0x10 C:/Users/alexi/AppData/Local/stm32cube/bundles/gnu-tools-for-stm32/14.3.1+st.2/bin/../lib/gcc/arm-none-eabi/14.3.1/../../../../arm-none-eabi/lib/thumb/v7e-m+fp/hard\libm.a(libm_a-sf_atan.o)
 .rodata.PIo2   0x0800b9c8       0x2c C:/Users/alexi/AppData/Local/stm32cube/bundles/gnu-tools-for-stm32/14.3.1+st.2/bin/../lib/gcc/arm-none-eabi/14.3.1/../../../../arm-none-eabi/lib/thumb/v7e-m+fp/hard\libm.a(libm_a-kf_rem_pio2.o)
 .rodata.init_jk
                0x0800b9f4        0xc C:/Users/alexi/AppData/Local/stm32cube/bundles/gnu-tools-for-stm32/14.3.1+st.2/bin/../lib/gcc/arm-none-eabi/14.3.1/../../../../arm-none-eabi/lib/thumb/v7e-m+fp/hard\libm.a(libm_a-kf_rem_pio2.o)
 .rodata._printf_float.str1.1
                0x0800ba00      0x171 C:/Users/alexi/AppData/Local/stm32cube/bundles/gnu-tools-for-stm32/14.3.1+st.2/bin/../lib/gcc/arm-none-eabi/14.3.1/../../../../arm-none-eabi/lib/thumb/v7e-m+fp/hard\libg_nano.a(libc_a-nano-vfprintf_float.o)
                                 0x12 (size before relaxing)
 .rodata._printf_i.str1.1
                0x0800bb71       0x22 C:/Users/alexi/AppData/Local/stm32cube/bundles/gnu-tools-for-stm32/14.3.1+st.2/bin/../lib/gcc/arm-none-eabi/14.3.1/../../../../arm-none-eabi/lib/thumb/v7e-m+fp/hard\libg_nano.a(libc_a-nano-vfprintf_i.o)
 .rodata._dtoa_r.str1.1
                0x0800bb71       0x8f C:/Users/alexi/AppData/Local/stm32cube/bundles/gnu-tools-for-stm32/14.3.1+st.2/bin/../lib/gcc/arm-none-eabi/14.3.1/../../../../arm-none-eabi/lib/thumb/v7e-m+fp/hard\libg_nano.a(libc_a-dtoa.o)
 .rodata._Balloc.str1.1
                0x0800bb71       0x70 C:/Users/alexi/AppData/Local/stm32cube/bundles/gnu-tools-for-stm32/14.3.1+st.2/bin/../lib/gcc/arm-none-eabi/14.3.1/../../../../arm-none-eabi/lib/thumb/v7e-m+fp/hard\libg_nano.a(libc_a-mprec.o)
 .rodata.__multadd.str1.1
                0x0800bb71       0x11 C:/Users/alexi/AppData/Local/stm32cube/bundles/gnu-tools-for-stm32/14.3.1+st.2/bin/../lib/gcc/arm-none-eabi/14.3.1/../../../../arm-none-eabi/lib/thumb/v7e-m+fp/hard\libg_nano.a(libc_a-mprec.o)
 *fill*         0x0800bb71        0x3 
 .rodata.p05.0  0x0800bb74        0xc C:/Users/alexi/AppData/Local/stm32cube/bundles/gnu-tools-for-stm32/14.3.1+st.2/bin/../lib/gcc/arm-none-eabi/14.3.1/../../../../arm-none-eabi/lib/thumb/v7e-m+fp/hard\libg_nano.a(libc_a-mprec.o)
 .rodata.__mprec_bigtens
                0x0800bb80       0x28 C:/Users/alexi/AppData/Local/stm32cube/bundles/gnu-tools-for-stm32/14.3.1+st.2/bin/../lib/gcc/arm-none-eabi/14.3.1/../../../../arm-none-eabi/lib/thumb/v7e-m+fp/hard\libg_nano.a(libc_a-mprec.o)
                0x0800bb80                __mprec_bigtens
 .rodata.__mprec_tens
                0x0800bba8       0xc8 C:/Users/alexi/AppData/Local/stm32cube/bundles/gnu-tools-for-stm32/14.3.1+st.2/bin/../lib/gcc/arm-none-eabi/14.3.1/../../../../arm-none-eabi/lib/thumb/v7e-m+fp/hard\libg_nano.a(libc_a-mprec.o)
                0x0800bba8                __mprec_tens
 .rodata._svfprintf_r.str1.1
                0x0800bc70       0x11 C:/Users/alexi/AppData/Local/stm32cube/bundles/gnu-tools-for-stm32/14.3.1+st.2/bin/../lib/gcc/arm-none-eabi/14.3.1/../../../../arm-none-eabi/lib/thumb/v7e-m+fp/hard\libg_nano.a(libc_a-nano-svfprintf.o)
 .rodata._setlocale_r.str1.1
                0x0800bc70        0x9 C:/Users/alexi/AppData/Local/stm32cube/bundles/gnu-tools-for-stm32/14.3.1+st.2/bin/../lib/gcc/arm-none-eabi/14.3.1/../../../../arm-none-eabi/lib/thumb/v7e-m+fp/hard\libg_nano.a(libc_a-locale.o)
 .rodata.str1.1
                0x0800bc70        0x2 C:/Users/alexi/AppData/Local/stm32cube/bundles/gnu-tools-for-stm32/14.3.1+st.2/bin/../lib/gcc/arm-none-eabi/14.3.1/../../../../arm-none-eabi/lib/thumb/v7e-m+fp/hard\libg_nano.a(libc_a-locale.o)
 .rodata.__assert_func.str1.1
                0x0800bc70       0x3d C:/Users/alexi/AppData/Local/stm32cube/bundles/gnu-tools-for-stm32/14.3.1+st.2/bin/../lib/gcc/arm-none-eabi/14.3.1/../../../../arm-none-eabi/lib/thumb/v7e-m+fp/hard\libg_nano.a(libc_a-assert.o)
 .rodata._ctype_
                0x0800bc70      0x101 C:/Users/alexi/AppData/Local/stm32cube/bundles/gnu-tools-for-stm32/14.3.1+st.2/bin/../lib/gcc/arm-none-eabi/14.3.1/../../../../arm-none-eabi/lib/thumb/v7e-m+fp/hard\libg_nano.a(libc_a-ctype_.o)
                0x0800bc70                _ctype_
 .rodata._vfprintf_r.str1.1
                0x0800bd71       0x11 C:/Users/alexi/AppData/Local/stm32cube/bundles/gnu-tools-for-stm32/14.3.1+st.2/bin/../lib/gcc/arm-none-eabi/14.3.1/../../../../arm-none-eabi/lib/thumb/v7e-m+fp/hard\libg_nano.a(libc_a-nano-vfprintf.o)
                0x0800bd88                        . = ALIGN (0x8)
 *fill*         0x0800bd71        0x7 

.ARM.extab      0x0800bd78        0x0
                0x0800bd78                        . = ALIGN (0x8)
 *(.ARM.extab* .gnu.linkonce.armextab.*)
                0x0800bd78                        . = ALIGN (0x8)

.ARM            0x0800bd78        0x8
                0x0800bd78                        . = ALIGN (0x8)
                0x0800bd78                        __exidx_start = .
 *(.ARM.exidx*)
 .ARM.exidx     0x0800bd78        0x8 C:/Users/alexi/AppData/Local/stm32cube/bundles/gnu-tools-for-stm32/14.3.1+st.2/bin/../lib/gcc/arm-none-eabi/14.3.1/thumb/v7e-m+fp/hard\libgcc.a(_udivmoddi4.o)
 .ARM.exidx     0x0800bd80        0x0 C:/Users/alexi/AppData/Local/stm32cube/bundles/gnu-tools-for-stm32/14.3.1+st.2/bin/../lib/gcc/arm-none-eabi/14.3.1/../../../../arm-none-eabi/lib/thumb/v7e-m+fp/hard\libg_nano.a(libc_a-memchr.o)
                                  0x8 (size before relaxing)
 .ARM.exidx     0x0800bd80        0x0 C:/Users/alexi/AppData/Local/stm32cube/bundles/gnu-tools-for-stm32/14.3.1+st.2/bin/../lib/gcc/arm-none-eabi/14.3.1/../../../../arm-none-eabi/lib/thumb/v7e-m+fp/hard\libg_nano.a(libc_a-strlen.o)
                                  0x8 (size before relaxing)
                0x0800bd80                        __exidx_end = .
                0x0800bd80                        . = ALIGN (0x8)

.preinit_array  0x0800bd80        0x0
                0x0800bd80                        . = ALIGN (0x8)
                0x0800bd80                        PROVIDE (__preinit_array_start = .)
 *(.preinit_array*)
                0x0800bd80                        PROVIDE (__preinit_array_end = .)
                0x0800bd80                        . = ALIGN (0x8)

.init_array     0x0800bd80        0x8
                0x0800bd80                        . = ALIGN (0x8)
                0x0800bd80                        PROVIDE (__init_array_start = .)
 *(SORT_BY_NAME(.init_array.*))
 *(.init_array*)
 .init_array    0x0800bd80        0x4 C:/Users/alexi/AppData/Local/stm32cube/bundles/gnu-tools-for-stm32/14.3.1+st.2/bin/../lib/gcc/arm-none-eabi/14.3.1/thumb/v7e-m+fp/hard/crtbegin.o
                0x0800bd84                        PROVIDE (__init_array_end = .)
                0x0800bd88                        . = ALIGN (0x8)
 *fill*         0x0800bd84        0x4 

.fini_array     0x0800bd88        0x8
                0x0800bd88                        . = ALIGN (0x8)
                [!provide]                        PROVIDE (__fini_array_start = .)
 *(SORT_BY_NAME(.fini_array.*))
 *(.fini_array*)
 .fini_array    0x0800bd88        0x4 C:/Users/alexi/AppData/Local/stm32cube/bundles/gnu-tools-for-stm32/14.3.1+st.2/bin/../lib/gcc/arm-none-eabi/14.3.1/thumb/v7e-m+fp/hard/crtbegin.o
                [!provide]                        PROVIDE (__fini_array_end = .)
                0x0800bd90                        . = ALIGN (0x8)
 *fill*         0x0800bd8c        0x4 
                0x0800bd90                        _sidata = LOADADDR (.data)

.rel.dyn        0x0800bd90        0x0
 .rel.iplt      0x0800bd90        0x0 C:/Users/alexi/AppData/Local/stm32cube/bundles/gnu-tools-for-stm32/14.3.1+st.2/bin/../lib/gcc/arm-none-eabi/14.3.1/thumb/v7e-m+fp/hard/crtbegin.o

.data           0x20000000      0x1d8 load address 0x0800bd90
                0x20000000                        . = ALIGN (0x8)
                0x20000000                        _sdata = .
 *(.data)
 *(.data*)
 .data.SystemCoreClock
                0x20000000        0x4 cmake/stm32cubemx/CMakeFiles/STM32_Drivers.dir/__/__/Core/Src/system_stm32l4xx.c.obj
                0x20000000                SystemCoreClock
 .data.uwTickPrio
                0x20000004        0x4 cmake/stm32cubemx/CMakeFiles/STM32_Drivers.dir/__/__/Drivers/STM32L4xx_HAL_Driver/Src/stm32l4xx_hal.c.obj
                0x20000004                uwTickPrio
 .data.uwTickFreq
                0x20000008        0x1 cmake/stm32cubemx/CMakeFiles/STM32_Drivers.dir/__/__/Drivers/STM32L4xx_HAL_Driver/Src/stm32l4xx_hal.c.obj
                0x20000008                uwTickFreq
 *fill*         0x20000009        0x3 
 .data.__sglue  0x2000000c        0xc C:/Users/alexi/AppData/Local/stm32cube/bundles/gnu-tools-for-stm32/14.3.1+st.2/bin/../lib/gcc/arm-none-eabi/14.3.1/../../../../arm-none-eabi/lib/thumb/v7e-m+fp/hard\libg_nano.a(libc_a-findfp.o)
                0x2000000c                __sglue
 .data._impure_ptr
                0x20000018        0x4 C:/Users/alexi/AppData/Local/stm32cube/bundles/gnu-tools-for-stm32/14.3.1+st.2/bin/../lib/gcc/arm-none-eabi/14.3.1/../../../../arm-none-eabi/lib/thumb/v7e-m+fp/hard\libg_nano.a(libc_a-impure.o)
                0x20000018                _impure_ptr
 .data._impure_data
                0x2000001c       0x4c C:/Users/alexi/AppData/Local/stm32cube/bundles/gnu-tools-for-stm32/14.3.1+st.2/bin/../lib/gcc/arm-none-eabi/14.3.1/../../../../arm-none-eabi/lib/thumb/v7e-m+fp/hard\libg_nano.a(libc_a-impure.o)
                0x2000001c                _impure_data
 .data.__global_locale
                0x20000068      0x16c C:/Users/alexi/AppData/Local/stm32cube/bundles/gnu-tools-for-stm32/14.3.1+st.2/bin/../lib/gcc/arm-none-eabi/14.3.1/../../../../arm-none-eabi/lib/thumb/v7e-m+fp/hard\libg_nano.a(libc_a-locale.o)
                0x20000068                __global_locale
 *(.RamFunc)
 *(.RamFunc*)
                0x200001d8                        . = ALIGN (0x8)
 *fill*         0x200001d4        0x4 

.igot.plt       0x200001d8        0x0 load address 0x0800bf68
 .igot.plt      0x200001d8        0x0 C:/Users/alexi/AppData/Local/stm32cube/bundles/gnu-tools-for-stm32/14.3.1+st.2/bin/../lib/gcc/arm-none-eabi/14.3.1/thumb/v7e-m+fp/hard/crtbegin.o

.tdata          0x200001d8        0x0 load address 0x0800bf68
 *(.tdata .tdata.* .gnu.linkonce.td.*)
                0x200001d8                        . = ALIGN (0x4)
                0x200001d8                        _edata = .
                [!provide]                        PROVIDE (__data_end = .)
                [!provide]                        PROVIDE (__tdata_end = .)
                [!provide]                        PROVIDE (__tdata_start = ADDR (.tdata))
                [!provide]                        PROVIDE (__tdata_size = (__tdata_end - __tdata_start))
                [!provide]                        PROVIDE (__data_start = ADDR (.data))
                [!provide]                        PROVIDE (__data_size = (__data_end - __data_start))
                [!provide]                        PROVIDE (__tdata_source = LOADADDR (.tdata))
                [!provide]                        PROVIDE (__tdata_source_end = (LOADADDR (.tdata) + SIZEOF (.tdata)))
                [!provide]                        PROVIDE (__tdata_source_size = (__tdata_source_end - __tdata_source))
                [!provide]                        PROVIDE (__data_source = LOADADDR (.data))
                [!provide]                        PROVIDE (__data_source_end = __tdata_source_end)
                [!provide]                        PROVIDE (__data_source_size = (__data_source_end - __data_source))

.tbss           0x200001d8        0x0 load address 0x0800bf68
                0x200001d8                        _sbss = .
                0x200001d8                        __bss_start__ = _sbss
 *(.tbss .tbss.*)
                0x200001d8                        . = ALIGN (0x4)
                [!provide]                        PROVIDE (__tbss_end = .)
                [!provide]                        PROVIDE (__tbss_start = ADDR (.tbss))
                [!provide]                        PROVIDE (__tbss_size = (__tbss_end - __tbss_start))
                [!provide]                        PROVIDE (__tbss_offset = (ADDR (.tbss) - ADDR (.tdata)))
                [!provide]                        PROVIDE (__tls_base = __tdata_start)
                [!provide]                        PROVIDE (__tls_end = __tbss_end)
                [!provide]                        PROVIDE (__tls_size = (__tls_end - __tls_base))
                [!provide]                        PROVIDE (__tls_align = MAX (ALIGNOF (.tdata), ALIGNOF (.tbss)))
                [!provide]                        PROVIDE (__tls_size_align = (((__tls_size + __tls_align) - 0x1) & ~ ((__tls_align - 0x1))))
                [!provide]                        PROVIDE (__arm32_tls_tcb_offset = MAX (0x8, __tls_align))
                [!provide]                        PROVIDE (__arm64_tls_tcb_offset = MAX (0x10, __tls_align))

.bss            0x200001d8      0x8cc load address 0x0800bf68
 *(.bss)
 .bss           0x200001d8       0x1c C:/Users/alexi/AppData/Local/stm32cube/bundles/gnu-tools-for-stm32/14.3.1+st.2/bin/../lib/gcc/arm-none-eabi/14.3.1/thumb/v7e-m+fp/hard/crtbegin.o
 *(.bss*)
 .bss.uwTick    0x200001f4        0x4 cmake/stm32cubemx/CMakeFiles/STM32_Drivers.dir/__/__/Drivers/STM32L4xx_HAL_Driver/Src/stm32l4xx_hal.c.obj
                0x200001f4                uwTick
 .bss.huart_sts_port1
                0x200001f8      0x108 CMakeFiles/TEST_L476RG.dir/Core/Src/drivers/STS.c.obj
                0x200001f8                huart_sts_port1
 .bss.huart_sts_port2
                0x20000300      0x108 CMakeFiles/TEST_L476RG.dir/Core/Src/drivers/STS.c.obj
                0x20000300                huart_sts_port2
 .bss.wt901b    0x20000408      0x2c4 CMakeFiles/TEST_L476RG.dir/Core/Src/drivers/WT901B.c.obj
                0x20000408                wt901b
 .bss.huart4    0x200006cc       0x88 CMakeFiles/TEST_L476RG.dir/Core/Src/peripherals/usart.c.obj
                0x200006cc                huart4
 .bss.huart1    0x20000754       0x88 CMakeFiles/TEST_L476RG.dir/Core/Src/peripherals/usart.c.obj
                0x20000754                huart1
 .bss.huart2    0x200007dc       0x88 CMakeFiles/TEST_L476RG.dir/Core/Src/peripherals/usart.c.obj
                0x200007dc                huart2
 .bss.huart3    0x20000864       0x88 CMakeFiles/TEST_L476RG.dir/Core/Src/peripherals/usart.c.obj
                0x20000864                huart3
 .bss.uart_buffer_1
                0x200008ec        0x8 CMakeFiles/TEST_L476RG.dir/Core/Src/peripherals/usart.c.obj
                0x200008ec                uart_buffer_1
 .bss.uart_buffer_2
                0x200008f4        0x8 CMakeFiles/TEST_L476RG.dir/Core/Src/peripherals/usart.c.obj
                0x200008f4                uart_buffer_2
 .bss.uart_buffer_3
                0x200008fc        0x8 CMakeFiles/TEST_L476RG.dir/Core/Src/peripherals/usart.c.obj
                0x200008fc                uart_buffer_3
 .bss.uart_buffer_4
                0x20000904        0x8 CMakeFiles/TEST_L476RG.dir/Core/Src/peripherals/usart.c.obj
                0x20000904                uart_buffer_4
 .bss.uart_buffer_5
                0x2000090c        0x8 CMakeFiles/TEST_L476RG.dir/Core/Src/peripherals/usart.c.obj
                0x2000090c                uart_buffer_5
 .bss.current_stage
                0x20000914        0x1 CMakeFiles/TEST_L476RG.dir/Core/Src/main.c.obj
                0x20000914                current_stage
 .bss.first_stage_init_phase
                0x20000915        0x1 CMakeFiles/TEST_L476RG.dir/Core/Src/main.c.obj
                0x20000915                first_stage_init_phase
 .bss.first_stage_flight_phase
                0x20000916        0x1 CMakeFiles/TEST_L476RG.dir/Core/Src/main.c.obj
                0x20000916                first_stage_flight_phase
 .bss.second_stage_flight_phase
                0x20000917        0x1 CMakeFiles/TEST_L476RG.dir/Core/Src/main.c.obj
                0x20000917                second_stage_flight_phase
 .bss.is_launch_confirmed
                0x20000918        0x1 CMakeFiles/TEST_L476RG.dir/Core/Src/main.c.obj
                0x20000918                is_launch_confirmed
 .bss.is_separation_confirmed
                0x20000919        0x1 CMakeFiles/TEST_L476RG.dir/Core/Src/main.c.obj
                0x20000919                is_separation_confirmed
 .bss.is_second_burn_confirmed
                0x2000091a        0x1 CMakeFiles/TEST_L476RG.dir/Core/Src/main.c.obj
                0x2000091a                is_second_burn_confirmed
 *fill*         0x2000091b        0x1 
 .bss.t0        0x2000091c        0x4 CMakeFiles/TEST_L476RG.dir/Core/Src/main.c.obj
                0x2000091c                t0
 .bss.current_accel_g
                0x20000920        0x4 CMakeFiles/TEST_L476RG.dir/Core/Src/main.c.obj
                0x20000920                current_accel_g
 .bss.current_pressure_variation_pa_s
                0x20000924        0x4 CMakeFiles/TEST_L476RG.dir/Core/Src/main.c.obj
                0x20000924                current_pressure_variation_pa_s
 .bss.attitude  0x20000928       0x28 CMakeFiles/TEST_L476RG.dir/Core/Src/main.c.obj
                0x20000928                attitude
 .bss.previous_pressure_pa.0
                0x20000950        0x4 CMakeFiles/TEST_L476RG.dir/Core/Src/main.c.obj
 .bss.__sbrk_heap_end
                0x20000954        0x4 CMakeFiles/TEST_L476RG.dir/Core/Src/sysmem.c.obj
 .bss.__sf      0x20000958      0x138 C:/Users/alexi/AppData/Local/stm32cube/bundles/gnu-tools-for-stm32/14.3.1+st.2/bin/../lib/gcc/arm-none-eabi/14.3.1/../../../../arm-none-eabi/lib/thumb/v7e-m+fp/hard\libg_nano.a(libc_a-findfp.o)
                0x20000958                __sf
 .bss.__stdio_exit_handler
                0x20000a90        0x4 C:/Users/alexi/AppData/Local/stm32cube/bundles/gnu-tools-for-stm32/14.3.1+st.2/bin/../lib/gcc/arm-none-eabi/14.3.1/../../../../arm-none-eabi/lib/thumb/v7e-m+fp/hard\libg_nano.a(libc_a-findfp.o)
                0x20000a90                __stdio_exit_handler
 .bss.errno     0x20000a94        0x4 C:/Users/alexi/AppData/Local/stm32cube/bundles/gnu-tools-for-stm32/14.3.1+st.2/bin/../lib/gcc/arm-none-eabi/14.3.1/../../../../arm-none-eabi/lib/thumb/v7e-m+fp/hard\libg_nano.a(libc_a-reent.o)
                0x20000a94                errno
 .bss.__lock___malloc_recursive_mutex
                0x20000a98        0x1 C:/Users/alexi/AppData/Local/stm32cube/bundles/gnu-tools-for-stm32/14.3.1+st.2/bin/../lib/gcc/arm-none-eabi/14.3.1/../../../../arm-none-eabi/lib/thumb/v7e-m+fp/hard\libg_nano.a(libc_a-lock.o)
                0x20000a98                __lock___malloc_recursive_mutex
 .bss.__lock___sfp_recursive_mutex
                0x20000a99        0x1 C:/Users/alexi/AppData/Local/stm32cube/bundles/gnu-tools-for-stm32/14.3.1+st.2/bin/../lib/gcc/arm-none-eabi/14.3.1/../../../../arm-none-eabi/lib/thumb/v7e-m+fp/hard\libg_nano.a(libc_a-lock.o)
                0x20000a99                __lock___sfp_recursive_mutex
 *fill*         0x20000a9a        0x2 
 .bss.__malloc_sbrk_start
                0x20000a9c        0x4 C:/Users/alexi/AppData/Local/stm32cube/bundles/gnu-tools-for-stm32/14.3.1+st.2/bin/../lib/gcc/arm-none-eabi/14.3.1/../../../../arm-none-eabi/lib/thumb/v7e-m+fp/hard\libg_nano.a(libc_a-mallocr.o)
                0x20000a9c                __malloc_sbrk_start
 .bss.__malloc_free_list