\BOOKMARK [1][-]{figure.caption.1}{\376\377\000I\000n\000t\000r\000o\000d\000u\000c\000t\000i\000o\000n}{}% 1
\BOOKMARK [1][-]{section.1}{\376\377\000G\000\351\000n\000\351\000r\000a\000l\000i\000t\000\351\000s}{}% 2
\BOOKMARK [2][-]{subsection.1.1}{\376\377\000P\000r\000\351\000s\000e\000n\000t\000a\000t\000i\000o\000n\000\040\000d\000u\000\040\000c\000l\000u\000b}{section.1}% 3
\BOOKMARK [2][-]{subsection.1.2}{\376\377\000P\000r\000\351\000s\000e\000n\000t\000a\000t\000i\000o\000n\000\040\000d\000e\000\040\000l\000'\000\351\000q\000u\000i\000p\000e}{section.1}% 4
\BOOKMARK [2][-]{subsection.1.3}{\376\377\000D\000\351\000f\000i\000n\000i\000t\000i\000o\000n\000\040\000d\000u\000\040\000p\000r\000o\000j\000e\000t}{section.1}% 5
\BOOKMARK [3][-]{subsubsection.1.3.1}{\376\377\000P\000r\000e\000m\000i\000e\000r\000\040\000\351\000t\000a\000g\000e}{subsection.1.3}% 6
\BOOKMARK [3][-]{subsubsection.1.3.2}{\376\377\000D\000e\000u\000x\000i\000\350\000m\000e\000\040\000\351\000t\000a\000g\000e}{subsection.1.3}% 7
\BOOKMARK [3][-]{subsubsection.1.3.3}{\376\377\000E\000n\000s\000e\000m\000b\000l\000e\000\040\000d\000e\000\040\000l\000a\000\040\000f\000u\000s\000\351\000e}{subsection.1.3}% 8
\BOOKMARK [3][-]{subsubsection.1.3.4}{\376\377\000C\000h\000o\000i\000x\000\040\000d\000e\000s\000\040\000p\000r\000o\000p\000u\000l\000s\000e\000u\000r\000s}{subsection.1.3}% 9
\BOOKMARK [2][-]{subsection.1.4}{\376\377\000R\000e\000t\000o\000u\000r\000s\000\040\000d\000'\000e\000x\000p\000\351\000r\000i\000e\000n\000c\000e\000\040\000d\000e\000\040\000p\000r\000\351\000c\000\351\000d\000e\000n\000t\000s\000\040\000p\000r\000o\000j\000e\000t\000s}{section.1}% 10
\BOOKMARK [2][-]{subsection.1.5}{\376\377\000F\000i\000n\000a\000n\000c\000e\000m\000e\000n\000t\000\040\000e\000t\000\040\000p\000a\000r\000t\000e\000n\000a\000i\000r\000e\000s}{section.1}% 11
\BOOKMARK [2][-]{subsection.1.6}{\376\377\000P\000l\000a\000n\000i\000f\000i\000c\000a\000t\000i\000o\000n\000,\000\040\000r\000\351\000p\000a\000r\000t\000i\000t\000i\000o\000n\000\040\000d\000e\000s\000\040\000t\000\342\000c\000h\000e\000s}{section.1}% 12
\BOOKMARK [1][-]{section.2}{\376\377\000A\000n\000a\000l\000y\000s\000e\000\040\000d\000e\000\040\000s\000\373\000r\000e\000t\000\351\000\040\000d\000e\000\040\000f\000o\000n\000c\000t\000i\000o\000n\000n\000e\000m\000e\000n\000t}{}% 13
\BOOKMARK [2][-]{subsection.2.1}{\376\377\000P\000r\000\351\000s\000e\000n\000t\000a\000t\000i\000o\000n\000\040\000d\000e\000s\000\040\000p\000h\000a\000s\000e\000s\000\040\000d\000e\000\040\000v\000o\000l}{section.2}% 14
\BOOKMARK [2][-]{subsection.2.2}{\376\377\000A\000P\000R}{section.2}% 15
\BOOKMARK [3][-]{subsubsection.2.2.1}{\376\377\000E\000R\000P\000s}{subsection.2.2}% 16
\BOOKMARK [3][-]{subsubsection.2.2.2}{\376\377\000A\000n\000a\000l\000y\000s\000e\000\040\000d\000e\000s\000\040\000r\000i\000s\000q\000u\000e\000s\000\040\000p\000a\000r\000\040\000p\000h\000a\000s\000e\000\040\000d\000e\000\040\000v\000o\000l}{subsection.2.2}% 17
\BOOKMARK [2][-]{subsection.2.3}{\376\377\000M\000D\000F}{section.2}% 18
\BOOKMARK [3][-]{subsubsection.2.3.1}{\376\377\000P\000r\000\351\000s\000e\000n\000t\000a\000t\000i\000o\000n\000\040\000d\000e\000s\000\040\000s\000o\000u\000s\000-\000s\000y\000s\000t\000\350\000m\000e\000s}{subsection.2.3}% 19
\BOOKMARK [2][-]{subsection.2.4}{\376\377\000M\000\351\000t\000h\000o\000d\000e\000\040\000A\000M\000D\000E\000C}{section.2}% 20
\BOOKMARK [2][-]{subsection.2.5}{\376\377\000B\000i\000l\000a\000n\000\040\000s\000u\000r\000\040\000l\000e\000s\000\040\000a\000c\000t\000i\000o\000n\000s\000\040\000c\000o\000r\000r\000e\000c\000t\000i\000v\000e\000s}{section.2}% 21
\BOOKMARK [1][-]{section.3}{\376\377\000S\000t\000a\000b\000i\000l\000i\000t\000\351\000\040\000e\000t\000\040\000g\000a\000b\000a\000r\000i\000t\000s}{}% 22
\BOOKMARK [2][-]{subsection.3.1}{\376\377\000S\000t\000a\000b\000i\000l\000i\000t\000\351}{section.3}% 23
\BOOKMARK [3][-]{subsubsection.3.1.1}{\376\377\000M\000\351\000t\000h\000o\000d\000o\000l\000o\000g\000i\000e}{subsection.3.1}% 24
\BOOKMARK [3][-]{subsubsection.3.1.2}{\376\377\000R\000\351\000s\000u\000l\000t\000a\000t\000s}{subsection.3.1}% 25
\BOOKMARK [4][-]{subsubsubsection.3.1.2.1}{\376\377\000C\000o\000n\000f\000i\000g\000u\000r\000a\000t\000i\000o\000n\000s\000\040\000p\000o\000s\000s\000i\000b\000l\000e\000s}{subsubsection.3.1.2}% 26
\BOOKMARK [4][-]{subsubsubsection.3.1.2.2}{\376\377\000C\000o\000n\000f\000i\000g\000u\000r\000a\000t\000i\000o\000n\000\040\000a\000d\000o\000p\000t\000\351\000e}{subsubsection.3.1.2}% 27
\BOOKMARK [4][-]{subsubsubsection.3.1.2.3}{\376\377\000R\000\351\000s\000u\000l\000t\000a\000t\000s\000\040\000d\000e\000s\000\040\000a\000n\000a\000l\000y\000s\000e\000s}{subsubsection.3.1.2}% 28
\BOOKMARK [4][-]{subsubsubsection.3.1.2.4}{\376\377\000D\000i\000v\000e\000r\000g\000e\000n\000c\000e\000s\000\040\000d\000e\000\040\000r\000\351\000s\000u\000l\000t\000a\000t\000s\000\040\000a\000v\000e\000c\000\040\000l\000e\000s\000\040\000c\000o\000n\000t\000r\000\364\000l\000e\000s}{subsubsection.3.1.2}% 29
\BOOKMARK [2][-]{subsection.3.2}{\376\377\000G\000a\000b\000a\000r\000i\000t\000s}{section.3}% 30
\BOOKMARK [1][-]{section.4}{\376\377\000S\000t\000r\000u\000c\000t\000u\000r\000e\000\040\000m\000\351\000c\000a\000n\000i\000q\000u\000e}{}% 31
\BOOKMARK [2][-]{subsection.4.1}{\376\377\000G\000\351\000n\000\351\000r\000a\000l\000i\000t\000\351\000s}{section.4}% 32
\BOOKMARK [3][-]{subsubsection.4.1.1}{\376\377\000F\000l\000\350\000c\000h\000e}{subsection.4.1}% 33
\BOOKMARK [3][-]{subsubsection.4.1.2}{\376\377\000T\000e\000n\000u\000e\000\040\000e\000n\000\040\000c\000o\000m\000p\000r\000e\000s\000s\000i\000o\000n\000/\000t\000r\000a\000c\000t\000i\000o\000n}{subsection.4.1}% 34
\BOOKMARK [3][-]{subsubsection.4.1.3}{\376\377\000R\000\351\000s\000i\000s\000t\000a\000n\000c\000e\000\040\000d\000e\000s\000\040\000a\000i\000l\000e\000r\000o\000n\000s}{subsection.4.1}% 35
\BOOKMARK [3][-]{subsubsection.4.1.4}{\376\377\000A\000l\000i\000g\000n\000e\000m\000e\000n\000t\000\040\000d\000e\000s\000\040\000a\000i\000l\000e\000r\000o\000n\000s}{subsection.4.1}% 36
\BOOKMARK [3][-]{subsubsection.4.1.5}{\376\377\000D\000\351\000f\000i\000n\000i\000t\000i\000o\000n\000\040\000d\000u\000\040\000s\000y\000s\000t\000\350\000m\000e\000\040\000d\000'\000o\000u\000v\000e\000r\000t\000u\000r\000e\000/\000p\000a\000r\000a\000c\000h\000u\000t\000e}{subsection.4.1}% 37
\BOOKMARK [2][-]{subsection.4.2}{\376\377\000C\000h\000o\000i\000x\000\040\000d\000e\000s\000\040\000m\000a\000t\000\351\000r\000i\000a\000u\000x}{section.4}% 38
\BOOKMARK [3][-]{subsubsection.4.2.1}{\376\377\000P\000r\000\351\000c\000i\000s\000i\000o\000n\000\040\000d\000u\000\040\000p\000r\000o\000t\000o\000c\000o\000l\000e\000\040\000d\000e\000\040\000f\000a\000b\000r\000i\000c\000a\000t\000i\000o\000n\000\040\000d\000e\000s\000\040\000f\000u\000s\000e\000l\000a\000g\000e\000s\000\040\000p\000o\000r\000t\000e\000u\000r\000s}{subsection.4.2}% 39
\BOOKMARK [3][-]{subsubsection.4.2.2}{\376\377\000C\000h\000o\000i\000x\000\040\000d\000e\000s\000\040\000v\000i\000s}{subsection.4.2}% 40
\BOOKMARK [3][-]{subsubsection.4.2.3}{\376\377\000R\000\351\000a\000l\000i\000s\000a\000t\000i\000o\000n\000\040\000m\000\351\000c\000a\000n\000i\000q\000u\000e\000\040\000e\000t\000\040\000c\000o\000m\000p\000o\000s\000i\000t\000e}{subsection.4.2}% 41
\BOOKMARK [4][-]{subsubsubsection.4.2.3.1}{\376\377\000P\000r\000o\000t\000o\000t\000y\000p\000a\000g\000e\000\040\000p\000a\000r\000\040\000i\000m\000p\000r\000e\000s\000s\000i\000o\000n\000\040\0003\000D\000\040\000e\000t\000\040\000v\000a\000l\000i\000d\000a\000t\000i\000o\000n\000\040\000d\040\031\000i\000n\000t\000\351\000g\000r\000a\000t\000i\000o\000n}{subsubsection.4.2.3}% 42
\BOOKMARK [3][-]{subsubsection.4.2.4}{\376\377\000U\000s\000i\000n\000a\000g\000e\000\040\000C\000N\000C\000\040\000d\000e\000s\000\040\000p\000i\000\350\000c\000e\000s\000\040\000a\000l\000u\000m\000i\000n\000i\000u\000m\000\040\000a\000u\000\040\000F\000a\000b\000l\000a\000b}{subsection.4.2}% 43
\BOOKMARK [4][-]{subsubsubsection.4.2.4.1}{\376\377\000P\000r\000\351\000p\000a\000r\000a\000t\000i\000o\000n\000\040\000C\000A\000M\000\040\000s\000o\000u\000s\000\040\000F\000u\000s\000i\000o\000n\000\040\0003\0006\0000}{subsubsection.4.2.4}% 44
\BOOKMARK [4][-]{subsubsubsection.4.2.4.2}{\376\377\000M\000a\000i\000n\000t\000i\000e\000n\000\040\000a\000u\000\040\000b\000r\000u\000t\000\040\000:\000\040\000r\000\364\000l\000e\000\040\000d\000e\000s\000\040\000o\000n\000g\000l\000e\000t\000s\000\040\000d\040\031\000u\000s\000i\000n\000a\000g\000e}{subsubsection.4.2.4}% 45
\BOOKMARK [4][-]{subsubsubsection.4.2.4.3}{\376\377\000F\000i\000n\000i\000t\000i\000o\000n\000\040\000d\000e\000s\000\040\000p\000i\000\350\000c\000e\000s\000\040\000:\000\040\000\351\000b\000a\000v\000u\000r\000a\000g\000e\000\040\000e\000t\000\040\000p\000o\000n\000\347\000a\000g\000e}{subsubsection.4.2.4}% 46
\BOOKMARK [2][-]{subsection.4.3}{\376\377\000S\000t\000r\000u\000c\000t\000u\000r\000e\000\040\000d\000u\000\040\000p\000r\000e\000m\000i\000e\000r\000\040\000\351\000t\000a\000g\000e}{section.4}% 47
\BOOKMARK [3][-]{subsubsection.4.3.1}{\376\377\000F\000a\000b\000r\000i\000c\000a\000t\000i\000o\000n\000\040\000e\000t\000\040\000c\000o\000l\000l\000a\000g\000e\000\040\000d\000u\000\040\000b\000l\000o\000c\000\040\000p\000r\000o\000p\000u\000l\000s\000i\000o\000n\000\040\000a\000v\000e\000c\000\040\000a\000i\000l\000e\000r\000o\000n\000s}{subsection.4.3}% 48
\BOOKMARK [3][-]{subsubsection.4.3.2}{\376\377\000M\000a\000i\000n\000t\000i\000e\000n\000\040\000d\000u\000\040\000P\000r\000o\0005\0004}{subsection.4.3}% 49
\BOOKMARK [3][-]{subsubsection.4.3.3}{\376\377\000A\000\351\000r\000o\000f\000r\000e\000i\000n\000s}{subsection.4.3}% 50
\BOOKMARK [3][-]{subsubsection.4.3.4}{\376\377\000E\000t\000u\000d\000e\000s\000\040\000a\000\351\000r\000o\000d\000y\000n\000a\000m\000i\000q\000u\000e\000s\000\040\000a\000s\000s\000i\000s\000t\000\351\000e\000s\000\040\000p\000a\000r\000\040\000o\000r\000d\000i\000n\000a\000t\000e\000u\000r\000\040\000\050\000C\000F\000D\000\051}{subsection.4.3}% 51
\BOOKMARK [4][-]{subsubsubsection.4.3.4.1}{\376\377\000C\000o\000n\000t\000e\000x\000t\000e\000\040\000e\000t\000\040\000i\000n\000t\000\351\000r\000\352\000t\000\040\000d\000e\000\040\000l\000a\000\040\000C\000F\000D}{subsubsection.4.3.4}% 52
\BOOKMARK [4][-]{subsubsubsection.4.3.4.2}{\376\377\000S\000t\000r\000a\000t\000\351\000g\000i\000e\000\040\000d\000e\000\040\000s\000i\000m\000u\000l\000a\000t\000i\000o\000n}{subsubsection.4.3.4}% 53
\BOOKMARK [4][-]{subsubsubsection.4.3.4.3}{\376\377\000H\000y\000p\000o\000t\000h\000\350\000s\000e\000s\000\040\000d\000e\000\040\000m\000o\000d\000\351\000l\000i\000s\000a\000t\000i\000o\000n}{subsubsection.4.3.4}% 54
\BOOKMARK [4][-]{subsubsubsection.4.3.4.4}{\376\377\000M\000o\000d\000\351\000l\000i\000s\000a\000t\000i\000o\000n\000\040\000d\000e\000\040\000l\000a\000\040\000g\000\351\000o\000m\000\351\000t\000r\000i\000e\000\040\000e\000t\000\040\000d\000u\000\040\000m\000a\000i\000l\000l\000a\000g\000e}{subsubsection.4.3.4}% 55
\BOOKMARK [4][-]{subsubsubsection.4.3.4.5}{\376\377\000R\000\351\000s\000u\000l\000t\000a\000t\000s\000\040\000a\000t\000t\000e\000n\000d\000u\000s}{subsubsection.4.3.4}% 56
\BOOKMARK [3][-]{subsubsection.4.3.5}{\376\377\000R\000\351\000s\000u\000l\000t\000a\000t\000s\000\040\000d\000e\000s\000\040\000s\000i\000m\000u\000l\000a\000t\000i\000o\000n\000s\000\040\000p\000a\000r\000\040\000l\000a\000\040\000d\000y\000n\000a\000m\000i\000q\000u\000e\000\040\000d\000e\000s\000\040\000f\000l\000u\000i\000d\000e\000s\000\040\000n\000u\000m\000\351\000r\000i\000q\000u\000e\000\040\000\050\000C\000F\000D\000\051}{subsection.4.3}% 57
\BOOKMARK [4][-]{subsubsubsection.4.3.5.1}{\376\377\000C\000o\000e\000f\000f\000i\000c\000i\000e\000n\000t\000\040\000d\000e\000\040\000t\000r\000a\000i\000n\000\351\000e}{subsubsection.4.3.5}% 58
\BOOKMARK [4][-]{subsubsubsection.4.3.5.2}{\376\377\000R\000\351\000p\000a\000r\000t\000i\000t\000i\000o\000n\000s\000\040\000d\000e\000\040\000l\000a\000\040\000p\000r\000e\000s\000s\000i\000o\000n\000\040\000s\000u\000r\000\040\000l\000e\000s\000\040\000a\000\351\000r\000o\000f\000r\000e\000i\000n\000s}{subsubsection.4.3.5}% 59
\BOOKMARK [4][-]{subsubsubsection.4.3.5.3}{\376\377\000C\000h\000a\000m\000p\000s\000\040\000d\000e\000\040\000v\000i\000t\000e\000s\000s\000e\000\040\000e\000t\000\040\000l\000i\000g\000n\000e\000s\000\040\000d\000e\000\040\000c\000o\000u\000r\000a\000n\000t}{subsubsection.4.3.5}% 60
\BOOKMARK [3][-]{subsubsection.4.3.6}{\376\377\000D\000\351\000f\000i\000n\000i\000t\000i\000o\000n\000\040\000d\000u\000\040\000s\000y\000s\000t\000\350\000m\000e\000\040\000d\000'\000o\000u\000v\000e\000r\000t\000u\000r\000e\000/\000p\000a\000r\000a\000c\000h\000u\000t\000e}{subsection.4.3}% 61
\BOOKMARK [3][-]{subsubsection.4.3.7}{\376\377\000D\000\351\000f\000i\000n\000i\000t\000i\000o\000n\000\040\000d\000u\000\040\000b\000l\000o\000c\000\040\000\351\000l\000e\000c\000t\000r\000o\000n\000i\000q\000u\000e}{subsection.4.3}% 62
\BOOKMARK [2][-]{subsection.4.4}{\376\377\000S\000y\000s\000t\000\350\000m\000e\000\040\000d\000e\000\040\000s\000\351\000p\000a\000r\000a\000t\000i\000o\000n}{section.4}% 63
\BOOKMARK [3][-]{subsubsection.4.4.1}{\376\377\000O\000b\000j\000e\000c\000t\000i\000f\000s\000\040\000m\000\351\000c\000a\000n\000i\000q\000u\000e\000s\000\040\000e\000t\000\040\000i\000n\000t\000\351\000g\000r\000a\000t\000i\000o\000n\000\040\000s\000t\000r\000u\000c\000t\000u\000r\000e\000l\000l\000e}{subsection.4.4}% 64
\BOOKMARK [3][-]{subsubsection.4.4.2}{\376\377\000A\000r\000c\000h\000i\000t\000e\000c\000t\000u\000r\000e\000\040\000m\000\351\000c\000a\000n\000i\000q\000u\000e\000\040\000g\000\351\000n\000\351\000r\000a\000l\000e}{subsection.4.4}% 65
\BOOKMARK [3][-]{subsubsection.4.4.3}{\376\377\000C\000i\000n\000\351\000m\000a\000t\000i\000q\000u\000e\000\040\000d\000e\000\040\000d\000\351\000v\000e\000r\000r\000o\000u\000i\000l\000l\000a\000g\000e\000\040\000e\000n\000\040\000v\000o\000l}{subsection.4.4}% 66
\BOOKMARK [3][-]{subsubsection.4.4.4}{\376\377\000S\000\351\000p\000a\000r\000a\000t\000i\000o\000n\000\040\000m\000\351\000c\000a\000n\000i\000q\000u\000e\000\040\000d\000e\000\040\000s\000e\000c\000o\000u\000r\000s\000\040\000p\000a\000r\000\040\000r\000e\000s\000s\000o\000r\000t\000s}{subsection.4.4}% 67
\BOOKMARK [3][-]{subsubsection.4.4.5}{\376\377\000G\000e\000s\000t\000i\000o\000n\000\040\000d\000'\000u\000n\000\040\000a\000l\000l\000u\000m\000a\000g\000e\000\040\000i\000n\000t\000e\000m\000p\000e\000s\000t\000i\000f\000\040\000d\000u\000\040\000m\000o\000t\000e\000u\000r\000\040\000d\000u\000\040\000s\000e\000c\000o\000n\000d\000\040\000\351\000t\000a\000g\000e}{subsection.4.4}% 68
\BOOKMARK [3][-]{subsubsection.4.4.6}{\376\377\000M\000a\000t\000\351\000r\000i\000a\000u\000x\000\040\000e\000t\000\040\000p\000r\000o\000c\000\351\000d\000\351\000s\000\040\000d\000e\000\040\000f\000a\000b\000r\000i\000c\000a\000t\000i\000o\000n}{subsection.4.4}% 69
\BOOKMARK [3][-]{subsubsection.4.4.7}{\376\377\000I\000n\000s\000t\000r\000u\000m\000e\000n\000t\000a\000t\000i\000o\000n\000\040\000v\000i\000d\000\351\000o\000\040\000d\000e\000\040\000l\000a\000\040\000s\000\351\000p\000a\000r\000a\000t\000i\000o\000n}{subsection.4.4}% 70
\BOOKMARK [3][-]{subsubsection.4.4.8}{\376\377\000I\000l\000l\000u\000s\000t\000r\000a\000t\000i\000o\000n\000s\000\040\000d\000u\000\040\000m\000\351\000c\000a\000n\000i\000s\000m\000e\000\040\000d\000e\000\040\000s\000\351\000p\000a\000r\000a\000t\000i\000o\000n}{subsection.4.4}% 71
\BOOKMARK [3][-]{subsubsection.4.4.9}{\376\377\000V\000a\000l\000i\000d\000a\000t\000i\000o\000n\000\040\000d\000e\000\040\000l\000a\000\040\000t\000e\000n\000u\000e\000\040\000m\000\351\000c\000a\000n\000i\000q\000u\000e\000\040\000d\000u\000\040\000m\000\351\000c\000a\000n\000i\000s\000m\000e\000\040\000d\000e\000\040\000s\000\351\000p\000a\000r\000a\000t\000i\000o\000n}{subsection.4.4}% 72
\BOOKMARK [3][-]{subsubsection.4.4.10}{\376\377\000V\000a\000l\000i\000d\000a\000t\000i\000o\000n\000\040\000d\000e\000\040\000l\000a\000\040\000t\000e\000n\000u\000e\000\040\000m\000\351\000c\000a\000n\000i\000q\000u\000e\000\040\000d\000e\000\040\000l\000a\000\040\000p\000i\000\350\000c\000e\000\040\000p\000r\000i\000n\000c\000i\000p\000a\000l\000e\000\040\000d\000e\000\040\000s\000\351\000p\000a\000r\000a\000t\000i\000o\000n}{subsection.4.4}% 73
\BOOKMARK [3][-]{subsubsection.4.4.11}{\376\377\000A\000n\000a\000l\000y\000s\000e\000\040\000m\000o\000d\000a\000l\000e\000\040\000d\000e\000\040\000l\000a\000\040\000p\000i\000\350\000c\000e\000\040\000s\000u\000p\000p\000o\000r\000t\000a\000n\000t\000\040\000l\000e\000s\000\040\000l\000o\000q\000u\000e\000t\000s\000\040\000e\000n\000\040\000a\000l\000u\000m\000i\000n\000i\000u\000m}{subsection.4.4}% 74
\BOOKMARK [3][-]{subsubsection.4.4.12}{\376\377\000A\000n\000a\000l\000y\000s\000e\000\040\000d\000e\000s\000\040\000l\000o\000q\000u\000e\000t\000s}{subsection.4.4}% 75
\BOOKMARK [3][-]{subsubsection.4.4.13}{\376\377\000C\000o\000m\000p\000a\000r\000a\000i\000s\000o\000n\000\040\000d\000e\000s\000\040\000r\000\351\000s\000u\000l\000t\000a\000t\000s\000\040\000a\000n\000a\000l\000y\000t\000i\000q\000u\000e\000s\000\040\000e\000t\000\040\000n\000u\000m\000\351\000r\000i\000q\000u\000e\000s}{subsection.4.4}% 76
\BOOKMARK [4][-]{subsubsubsection.4.4.13.1}{\376\377\000C\000a\000l\000c\000u\000l\000\040\000a\000n\000a\000l\000y\000t\000i\000q\000u\000e\000\040\000d\000e\000\040\000l\000a\000\040\000d\000\351\000f\000o\000r\000m\000\351\000e\000\040\000m\000a\000x\000i\000m\000a\000l\000e\000\040\000d\000e\000\040\000l\000a\000\040\000p\000i\000\350\000c\000e\000\040\000d\000e\000\040\000s\000\351\000p\000a\000r\000a\000t\000i\000o\000n}{subsubsection.4.4.13}% 77
\BOOKMARK [4][-]{subsubsubsection.4.4.13.2}{\376\377\000R\000\351\000s\000u\000l\000t\000a\000t\000s\000\040\000P\000a\000t\000r\000a\000n}{subsubsection.4.4.13}% 78
\BOOKMARK [4][-]{subsubsubsection.4.4.13.3}{\376\377\000C\000o\000m\000p\000a\000r\000a\000i\000s\000o\000n\000\040\000e\000t\000\040\000d\000i\000s\000c\000u\000s\000s\000i\000o\000n}{subsubsection.4.4.13}% 79
\BOOKMARK [4][-]{subsubsubsection.4.4.13.4}{\376\377\000C\000a\000l\000c\000u\000l\000\040\000a\000n\000a\000l\000y\000t\000i\000q\000u\000e\000\040\000d\000e\000\040\000l\000a\000\040\000d\000\351\000f\000o\000r\000m\000\351\000e\000\040\000d\000e\000s\000\040\000l\000o\000q\000u\000e\000t\000s}{subsubsection.4.4.13}% 80
\BOOKMARK [2][-]{subsection.4.5}{\376\377\000S\000t\000r\000u\000c\000t\000u\000r\000e\000\040\000d\000u\000\040\000s\000e\000c\000o\000n\000d\000\040\000\351\000t\000a\000g\000e}{section.4}% 81
\BOOKMARK [3][-]{subsubsection.4.5.1}{\376\377\000F\000u\000s\000e\000l\000a\000g\000e\000\040\000e\000t\000\040\000f\000l\000\350\000c\000h\000e}{subsection.4.5}% 82
\BOOKMARK [3][-]{subsubsection.4.5.2}{\376\377\000F\000a\000b\000r\000i\000c\000a\000t\000i\000o\000n\000\040\000e\000t\000\040\000c\000o\000l\000l\000a\000g\000e\000\040\000d\000e\000s\000\040\000a\000i\000l\000e\000r\000o\000n\000s}{subsection.4.5}% 83
\BOOKMARK [3][-]{subsubsection.4.5.3}{\376\377\000I\000n\000t\000\351\000g\000r\000a\000t\000i\000o\000n\000\040\000d\000u\000\040\000s\000y\000s\000t\000\350\000m\000e\000\040\000a\000l\000l\000u\000m\000a\000g\000e}{subsection.4.5}% 84
\BOOKMARK [3][-]{subsubsection.4.5.4}{\376\377\000D\000\351\000f\000i\000n\000i\000t\000i\000o\000n\000\040\000d\000u\000\040\000b\000l\000o\000c\000\040\000\351\000l\000e\000c\000t\000r\000o\000n\000i\000q\000u\000e}{subsection.4.5}% 85
\BOOKMARK [3][-]{subsubsection.4.5.5}{\376\377\000D\000\351\000f\000i\000n\000i\000t\000i\000o\000n\000\040\000d\000u\000\040\000s\000y\000s\000t\000\350\000m\000e\000\040\000d\000'\000o\000u\000v\000e\000r\000t\000u\000r\000e\000/\000p\000a\000r\000a\000c\000h\000u\000t\000e}{subsection.4.5}% 86
\BOOKMARK [3][-]{subsubsection.4.5.6}{\376\377\000D\000\351\000f\000i\000n\000i\000t\000i\000o\000n\000\040\000d\000u\000\040\000l\000a\000\040\000c\000o\000i\000f\000f\000e\000\040\000e\000t\000\040\000d\000u\000\040\000p\000i\000t\000o\000t}{subsection.4.5}% 87
\BOOKMARK [2][-]{subsection.4.6}{\376\377\000M\000i\000s\000e\000\040\000e\000n\000\040\000r\000a\000m\000p\000e}{section.4}% 88
\BOOKMARK [1][-]{section.5}{\376\377\000E\000l\000e\000c\000t\000r\000o\000n\000i\000q\000u\000e}{}% 89
\BOOKMARK [2][-]{subsection.5.1}{\376\377\000P\000r\000\351\000s\000e\000n\000t\000a\000t\000i\000o\000n\000\040\000d\000u\000\040\000s\000y\000s\000t\000\350\000m\000e\000\040\000\351\000l\000e\000c\000t\000r\000o\000n\000i\000q\000u\000e\000\040\000g\000\351\000n\000\351\000r\000a\000l}{section.5}% 90
\BOOKMARK [3][-]{subsubsection.5.1.1}{\376\377\000P\000r\000i\000n\000c\000i\000p\000a\000u\000x\000\040\000\351\000l\000\351\000m\000e\000n\000t\000s\000\040\000d\000u\000\040\000s\000y\000s\000t\000\350\000m\000e}{subsection.5.1}% 91
\BOOKMARK [3][-]{subsubsection.5.1.2}{\376\377\000I\000n\000t\000e\000r\000a\000c\000t\000i\000o\000n\000s\000\040\000e\000n\000t\000r\000e\000\040\000l\000e\000s\000\040\000\351\000l\000\351\000m\000e\000n\000t\000s\000\040\000d\000u\000\040\000s\000y\000s\000t\000\350\000m\000e}{subsection.5.1}% 92
\BOOKMARK [2][-]{subsection.5.2}{\376\377\000P\000r\000\351\000s\000e\000n\000t\000a\000t\000i\000o\000n\000\040\000d\000e\000s\000\040\000c\000a\000r\000t\000e\000s\000\040\000\351\000l\000e\000c\000t\000r\000o\000n\000i\000q\000u\000e\000s}{section.5}% 93
\BOOKMARK [2][-]{subsection.5.3}{\376\377\000S\000\351\000q\000u\000e\000n\000c\000e\000u\000r\000s}{section.5}% 94
\BOOKMARK [3][-]{subsubsection.5.3.1}{\376\377\000A\000r\000c\000h\000i\000t\000e\000c\000t\000u\000r\000e\000\040\000m\000a\000t\000\351\000r\000i\000e\000l\000l\000e}{subsection.5.3}% 95
\BOOKMARK [3][-]{subsubsection.5.3.2}{\376\377\000P\000r\000i\000n\000c\000i\000p\000e\000s\000\040\000d\000e\000\040\000f\000o\000n\000c\000t\000i\000o\000n\000n\000e\000m\000e\000n\000t}{subsection.5.3}% 96
\BOOKMARK [3][-]{subsubsection.5.3.3}{\376\377\000R\000o\000b\000u\000s\000t\000e\000s\000s\000e\000\040\000d\000u\000\040\000s\000y\000s\000t\000\350\000m\000e\000\040\000e\000t\000\040\000i\000m\000m\000u\000n\000i\000t\000\351\000\040\000a\000u\000x\000\040\000p\000e\000r\000t\000u\000r\000b\000a\000t\000i\000o\000n\000s}{subsection.5.3}% 97
\BOOKMARK [3][-]{subsubsection.5.3.4}{\376\377\000C\000o\000n\000c\000e\000p\000t\000i\000o\000n\000\040\000P\000C\000B}{subsection.5.3}% 98
\BOOKMARK [2][-]{subsection.5.4}{\376\377\000L\000i\000g\000n\000e\000\040\000d\000e\000\040\000m\000i\000s\000e\000\040\000\340\000\040\000f\000e\000u}{section.5}% 99
\BOOKMARK [3][-]{subsubsection.5.4.1}{\376\377\000P\000r\000i\000n\000c\000i\000p\000e\000\040\000d\000e\000\040\000f\000o\000n\000c\000t\000i\000o\000n\000n\000e\000m\000e\000n\000t}{subsection.5.4}% 100
\BOOKMARK [3][-]{subsubsection.5.4.2}{\376\377\000I\000n\000t\000e\000r\000f\000a\000c\000e}{subsection.5.4}% 101
\BOOKMARK [3][-]{subsubsection.5.4.3}{\376\377\000S\000\351\000q\000u\000e\000n\000c\000e\000\040\000d\000e\000\040\000v\000o\000l}{subsection.5.4}% 102
\BOOKMARK [2][-]{subsection.5.5}{\376\377\000E\000x\000p\000\351\000r\000i\000e\000n\000c\000e}{section.5}% 103
\BOOKMARK [2][-]{subsection.5.6}{\376\377\000C\000a\000m\000\351\000r\000a\000\040\000e\000m\000b\000a\000r\000q\000u\000\351\000e}{section.5}% 104
\BOOKMARK [2][-]{subsection.5.7}{\376\377\000A\000l\000l\000i\000m\000e\000n\000t\000a\000t\000i\000o\000n\000s\000\040\000e\000t\000\040\000m\000a\000s\000s\000e\000s\000\040\000\351\000l\000e\000c\000t\000r\000i\000q\000u\000e\000s}{section.5}% 105
\BOOKMARK [1][-]{figure.caption.122}{\376\377\000L\000i\000s\000t\000e\000\040\000d\000e\000s\000\040\000f\000i\000g\000u\000r\000e\000s}{}% 106
\BOOKMARK [1][-]{figure.caption.122}{\376\377\000L\000i\000s\000t\000e\000\040\000d\000e\000s\000\040\000t\000a\000b\000l\000e\000a\000u\000x}{}% 107
\BOOKMARK [1][-]{figure.caption.122}{\376\377\000R\000\351\000f\000\351\000r\000e\000n\000c\000e\000s}{}% 108
\BOOKMARK [1][-]{figure.caption.122}{\376\377\000G\000l\000o\000s\000s\000a\000i\000r\000e\000s\000\040\000e\000t\000\040\000a\000c\000r\000o\000n\000y\000m\000e\000s}{}% 109
